Component: ARM Compiler 5.06 update 7 (build 960) Tool: armlink [4d3601]

==============================================================================

Section Cross References

    startup_stm32f030x6.o(RESET) refers to startup_stm32f030x6.o(STACK) for __initial_sp
    startup_stm32f030x6.o(RESET) refers to startup_stm32f030x6.o(.text) for Reset_Handler
    startup_stm32f030x6.o(RESET) refers to stm32f0xx_it.o(i.NMI_Handler) for NMI_Handler
    startup_stm32f030x6.o(RESET) refers to stm32f0xx_it.o(i.HardFault_Handler) for HardFault_Handler
    startup_stm32f030x6.o(RESET) refers to stm32f0xx_it.o(i.SVC_Handler) for SVC_Handler
    startup_stm32f030x6.o(RESET) refers to stm32f0xx_it.o(i.PendSV_Handler) for PendSV_Handler
    startup_stm32f030x6.o(RESET) refers to stm32f0xx_it.o(i.SysTick_Handler) for SysTick_Handler
    startup_stm32f030x6.o(RESET) refers to stm32f0xx_it.o(i.DMA1_Channel1_IRQHandler) for DMA1_Channel1_IRQHandler
    startup_stm32f030x6.o(RESET) refers to stm32f0xx_it.o(i.ADC1_IRQHandler) for ADC1_IRQHandler
    startup_stm32f030x6.o(RESET) refers to stm32f0xx_it.o(i.TIM14_IRQHandler) for TIM14_IRQHandler
    startup_stm32f030x6.o(RESET) refers to stm32f0xx_it.o(i.TIM17_IRQHandler) for TIM17_IRQHandler
    startup_stm32f030x6.o(RESET) refers to stm32f0xx_it.o(i.USART1_IRQHandler) for USART1_IRQHandler
    startup_stm32f030x6.o(.text) refers to system_stm32f0xx.o(i.SystemInit) for SystemInit
    startup_stm32f030x6.o(.text) refers to entry.o(.ARM.Collect$$$$00000000) for __main
    main.o(i.SystemClock_Config) refers to memseta.o(.text) for __aeabi_memclr4
    main.o(i.SystemClock_Config) refers to stm32f0xx_hal_rcc.o(i.HAL_RCC_OscConfig) for HAL_RCC_OscConfig
    main.o(i.SystemClock_Config) refers to stm32f0xx_hal_rcc.o(i.HAL_RCC_ClockConfig) for HAL_RCC_ClockConfig
    main.o(i.SystemClock_Config) refers to stm32f0xx_hal_rcc_ex.o(i.HAL_RCCEx_PeriphCLKConfig) for HAL_RCCEx_PeriphCLKConfig
    main.o(i.main) refers to stm32f0xx_hal.o(i.HAL_Init) for HAL_Init
    main.o(i.main) refers to main.o(i.SystemClock_Config) for SystemClock_Config
    main.o(i.main) refers to gpio.o(i.MX_GPIO_Init) for MX_GPIO_Init
    main.o(i.main) refers to dma.o(i.MX_DMA_Init) for MX_DMA_Init
    main.o(i.main) refers to adc.o(i.MX_ADC_Init) for MX_ADC_Init
    main.o(i.main) refers to tim.o(i.MX_TIM17_Init) for MX_TIM17_Init
    main.o(i.main) refers to tim.o(i.MX_TIM14_Init) for MX_TIM14_Init
    main.o(i.main) refers to usart.o(i.MX_USART1_UART_Init) for MX_USART1_UART_Init
    main.o(i.main) refers to stm32f0xx_hal_tim.o(i.HAL_TIM_Base_Start_IT) for HAL_TIM_Base_Start_IT
    main.o(i.main) refers to stm32f0xx_hal_adc_ex.o(i.HAL_ADCEx_Calibration_Start) for HAL_ADCEx_Calibration_Start
    main.o(i.main) refers to stm32f0xx_hal_gpio.o(i.HAL_GPIO_TogglePin) for HAL_GPIO_TogglePin
    main.o(i.main) refers to stm32f0xx_hal.o(i.HAL_Delay) for HAL_Delay
    main.o(i.main) refers to tim.o(.bss) for htim17
    main.o(i.main) refers to adc.o(.bss) for hadc
    gpio.o(i.MX_GPIO_Init) refers to memseta.o(.text) for __aeabi_memclr4
    gpio.o(i.MX_GPIO_Init) refers to stm32f0xx_hal_gpio.o(i.HAL_GPIO_WritePin) for HAL_GPIO_WritePin
    gpio.o(i.MX_GPIO_Init) refers to stm32f0xx_hal_gpio.o(i.HAL_GPIO_Init) for HAL_GPIO_Init
    adc.o(i.HAL_ADC_ConvCpltCallback) refers to main.o(.bss) for aADCxConvertedValues
    adc.o(i.HAL_ADC_ConvCpltCallback) refers to main.o(.data) for COUNTER
    adc.o(i.HAL_ADC_ConvCpltCallback) refers to main.o(.bss) for ADC0Buffer
    adc.o(i.HAL_ADC_ConvCpltCallback) refers to main.o(.bss) for ADC1Buffer
    adc.o(i.HAL_ADC_ConvCpltCallback) refers to main.o(.bss) for ADC2Buffer
    adc.o(i.HAL_ADC_ConvCpltCallback) refers to main.o(.bss) for ADC3Buffer
    adc.o(i.HAL_ADC_MspDeInit) refers to stm32f0xx_hal_gpio.o(i.HAL_GPIO_DeInit) for HAL_GPIO_DeInit
    adc.o(i.HAL_ADC_MspDeInit) refers to stm32f0xx_hal_dma.o(i.HAL_DMA_DeInit) for HAL_DMA_DeInit
    adc.o(i.HAL_ADC_MspDeInit) refers to stm32f0xx_hal_cortex.o(i.HAL_NVIC_DisableIRQ) for HAL_NVIC_DisableIRQ
    adc.o(i.HAL_ADC_MspInit) refers to memseta.o(.text) for __aeabi_memclr4
    adc.o(i.HAL_ADC_MspInit) refers to stm32f0xx_hal_gpio.o(i.HAL_GPIO_Init) for HAL_GPIO_Init
    adc.o(i.HAL_ADC_MspInit) refers to stm32f0xx_hal_dma.o(i.HAL_DMA_Init) for HAL_DMA_Init
    adc.o(i.HAL_ADC_MspInit) refers to main.o(i.Error_Handler) for Error_Handler
    adc.o(i.HAL_ADC_MspInit) refers to stm32f0xx_hal_cortex.o(i.HAL_NVIC_SetPriority) for HAL_NVIC_SetPriority
    adc.o(i.HAL_ADC_MspInit) refers to stm32f0xx_hal_cortex.o(i.HAL_NVIC_EnableIRQ) for HAL_NVIC_EnableIRQ
    adc.o(i.HAL_ADC_MspInit) refers to adc.o(.bss) for .bss
    adc.o(i.MX_ADC_Init) refers to stm32f0xx_hal_adc.o(i.HAL_ADC_Init) for HAL_ADC_Init
    adc.o(i.MX_ADC_Init) refers to main.o(i.Error_Handler) for Error_Handler
    adc.o(i.MX_ADC_Init) refers to stm32f0xx_hal_adc.o(i.HAL_ADC_ConfigChannel) for HAL_ADC_ConfigChannel
    adc.o(i.MX_ADC_Init) refers to adc.o(.bss) for .bss
[...]
    Removing stm32f0xx_hal_flash_ex.o(i.HAL_FLASHEx_OBGetConfig), (36 bytes).
    Removing stm32f0xx_hal_flash_ex.o(i.HAL_FLASHEx_OBGetUserData), (28 bytes).
    Removing stm32f0xx_hal_flash_ex.o(i.HAL_FLASHEx_OBProgram), (328 bytes).
    Removing stm32f0xx_hal_exti.o(.rev16_text), (4 bytes).
    Removing stm32f0xx_hal_exti.o(.revsh_text), (4 bytes).
    Removing stm32f0xx_hal_exti.o(i.HAL_EXTI_ClearConfigLine), (100 bytes).
    Removing stm32f0xx_hal_exti.o(i.HAL_EXTI_ClearPending), (20 bytes).
    Removing stm32f0xx_hal_exti.o(i.HAL_EXTI_GenerateSWI), (20 bytes).
    Removing stm32f0xx_hal_exti.o(i.HAL_EXTI_GetConfigLine), (136 bytes).
    Removing stm32f0xx_hal_exti.o(i.HAL_EXTI_GetHandle), (14 bytes).
    Removing stm32f0xx_hal_exti.o(i.HAL_EXTI_GetPending), (24 bytes).
    Removing stm32f0xx_hal_exti.o(i.HAL_EXTI_IRQHandler), (36 bytes).
    Removing stm32f0xx_hal_exti.o(i.HAL_EXTI_RegisterCallback), (16 bytes).
    Removing stm32f0xx_hal_exti.o(i.HAL_EXTI_SetConfigLine), (148 bytes).
    Removing stm32f0xx_hal_tim.o(.rev16_text), (4 bytes).
    Removing stm32f0xx_hal_tim.o(.revsh_text), (4 bytes).
    Removing stm32f0xx_hal_tim.o(i.HAL_TIM_Base_DeInit), (80 bytes).
    Removing stm32f0xx_hal_tim.o(i.HAL_TIM_Base_GetState), (6 bytes).
    Removing stm32f0xx_hal_tim.o(i.HAL_TIM_Base_MspDeInit), (2 bytes).
    Removing stm32f0xx_hal_tim.o(i.HAL_TIM_Base_MspInit), (2 bytes).
    Removing stm32f0xx_hal_tim.o(i.HAL_TIM_Base_Start), (64 bytes).
    Removing stm32f0xx_hal_tim.o(i.HAL_TIM_Base_Start_DMA), (144 bytes).
    Removing stm32f0xx_hal_tim.o(i.HAL_TIM_Base_Stop), (40 bytes).
    Removing stm32f0xx_hal_tim.o(i.HAL_TIM_Base_Stop_DMA), (64 bytes).
    Removing stm32f0xx_hal_tim.o(i.HAL_TIM_Base_Stop_IT), (52 bytes).
    Removing stm32f0xx_hal_tim.o(i.HAL_TIM_ConfigClockSource), (220 bytes).
    Removing stm32f0xx_hal_tim.o(i.HAL_TIM_ConfigOCrefClear), (232 bytes).
    Removing stm32f0xx_hal_tim.o(i.HAL_TIM_ConfigTI1Input), (16 bytes).
    Removing stm32f0xx_hal_tim.o(i.HAL_TIM_DMABurstState), (6 bytes).
    Removing stm32f0xx_hal_tim.o(i.HAL_TIM_DMABurst_MultiReadStart), (332 bytes).
    Removing stm32f0xx_hal_tim.o(i.HAL_TIM_DMABurst_MultiWriteStart), (332 bytes).
    Removing stm32f0xx_hal_tim.o(i.HAL_TIM_DMABurst_ReadStart), (18 bytes).
    Removing stm32f0xx_hal_tim.o(i.HAL_TIM_DMABurst_ReadStop), (112 bytes).
    Removing stm32f0xx_hal_tim.o(i.HAL_TIM_DMABurst_WriteStart), (18 bytes).
    Removing stm32f0xx_hal_tim.o(i.HAL_TIM_DMABurst_WriteStop), (112 bytes).
    Removing stm32f0xx_hal_tim.o(i.HAL_TIM_Encoder_DeInit), (68 bytes).
    Removing stm32f0xx_hal_tim.o(i.HAL_TIM_Encoder_GetState), (6 bytes).
    Removing stm32f0xx_hal_tim.o(i.HAL_TIM_Encoder_Init), (168 bytes).
    Removing stm32f0xx_hal_tim.o(i.HAL_TIM_Encoder_MspDeInit), (2 bytes).
    Removing stm32f0xx_hal_tim.o(i.HAL_TIM_Encoder_MspInit), (2 bytes).
    Removing stm32f0xx_hal_tim.o(i.HAL_TIM_Encoder_Start), (130 bytes).
    Removing stm32f0xx_hal_tim.o(i.HAL_TIM_Encoder_Start_DMA), (424 bytes).
    Removing stm32f0xx_hal_tim.o(i.HAL_TIM_Encoder_Start_IT), (168 bytes).
    Removing stm32f0xx_hal_tim.o(i.HAL_TIM_Encoder_Stop), (108 bytes).
    Removing stm32f0xx_hal_tim.o(i.HAL_TIM_Encoder_Stop_DMA), (176 bytes).
    Removing stm32f0xx_hal_tim.o(i.HAL_TIM_Encoder_Stop_IT), (148 bytes).
    Removing stm32f0xx_hal_tim.o(i.HAL_TIM_ErrorCallback), (2 bytes).
    Removing stm32f0xx_hal_tim.o(i.HAL_TIM_GenerateEvent), (36 bytes).
    Removing stm32f0xx_hal_tim.o(i.HAL_TIM_GetActiveChannel), (4 bytes).
    Removing stm32f0xx_hal_tim.o(i.HAL_TIM_GetChannelState), (34 bytes).
    Removing stm32f0xx_hal_tim.o(i.HAL_TIM_IC_CaptureHalfCpltCallback), (2 bytes).
    Removing stm32f0xx_hal_tim.o(i.HAL_TIM_IC_ConfigChannel), (294 bytes).
    Removing stm32f0xx_hal_tim.o(i.HAL_TIM_IC_DeInit), (80 bytes).
    Removing stm32f0xx_hal_tim.o(i.HAL_TIM_IC_GetState), (6 bytes).
    Removing stm32f0xx_hal_tim.o(i.HAL_TIM_IC_Init), (72 bytes).
    Removing stm32f0xx_hal_tim.o(i.HAL_TIM_IC_MspDeInit), (2 bytes).
    Removing stm32f0xx_hal_tim.o(i.HAL_TIM_IC_MspInit), (2 bytes).
    Removing stm32f0xx_hal_tim.o(i.HAL_TIM_IC_Start), (148 bytes).
    Removing stm32f0xx_hal_tim.o(i.HAL_TIM_IC_Start_DMA), (384 bytes).
    Removing stm32f0xx_hal_tim.o(i.HAL_TIM_IC_Start_IT), (188 bytes).
    Removing stm32f0xx_hal_tim.o(i.HAL_TIM_IC_Stop), (92 bytes).
    Removing stm32f0xx_hal_tim.o(i.HAL_TIM_IC_Stop_DMA), (180 bytes).
    Removing stm32f0xx_hal_tim.o(i.HAL_TIM_IC_Stop_IT), (148 bytes).
    Removing stm32f0xx_hal_tim.o(i.HAL_TIM_OC_ConfigChannel), (80 bytes).
    Removing stm32f0xx_hal_tim.o(i.HAL_TIM_OC_DeInit), (80 bytes).
    Removing stm32f0xx_hal_tim.o(i.HAL_TIM_OC_GetState), (6 bytes).
    Removing stm32f0xx_hal_tim.o(i.HAL_TIM_OC_Init), (72 bytes).
    Removing stm32f0xx_hal_tim.o(i.HAL_TIM_OC_MspDeInit), (2 bytes).
    Removing stm32f0xx_hal_tim.o(i.HAL_TIM_OC_MspInit), (2 bytes).
    Removing stm32f0xx_hal_tim.o(i.HAL_TIM_OC_Start), (156 bytes).
    Removing stm32f0xx_hal_tim.o(i.HAL_TIM_OC_Start_DMA), (400 bytes).
    Removing stm32f0xx_hal_tim.o(i.HAL_TIM_OC_Start_IT), (196 bytes).
    Removing stm32f0xx_hal_tim.o(i.HAL_TIM_OC_Stop), (136 bytes).
    Removing stm32f0xx_hal_tim.o(i.HAL_TIM_OC_Stop_DMA), (228 bytes).
    Removing stm32f0xx_hal_tim.o(i.HAL_TIM_OC_Stop_IT), (196 bytes).
    Removing stm32f0xx_hal_tim.o(i.HAL_TIM_OnePulse_ConfigChannel), (222 bytes).
    Removing stm32f0xx_hal_tim.o(i.HAL_TIM_OnePulse_DeInit), (68 bytes).
    Removing stm32f0xx_hal_tim.o(i.HAL_TIM_OnePulse_GetState), (6 bytes).
    Removing stm32f0xx_hal_tim.o(i.HAL_TIM_OnePulse_Init), (84 bytes).
    Removing stm32f0xx_hal_tim.o(i.HAL_TIM_OnePulse_MspDeInit), (2 bytes).
    Removing stm32f0xx_hal_tim.o(i.HAL_TIM_OnePulse_MspInit), (2 bytes).
    Removing stm32f0xx_hal_tim.o(i.HAL_TIM_OnePulse_Start), (116 bytes).
    Removing stm32f0xx_hal_tim.o(i.HAL_TIM_OnePulse_Start_IT), (132 bytes).
    Removing stm32f0xx_hal_tim.o(i.HAL_TIM_OnePulse_Stop), (128 bytes).
    Removing stm32f0xx_hal_tim.o(i.HAL_TIM_OnePulse_Stop_IT), (148 bytes).
    Removing stm32f0xx_hal_tim.o(i.HAL_TIM_PWM_ConfigChannel), (208 bytes).
    Removing stm32f0xx_hal_tim.o(i.HAL_TIM_PWM_DeInit), (80 bytes).
    Removing stm32f0xx_hal_tim.o(i.HAL_TIM_PWM_GetState), (6 bytes).
    Removing stm32f0xx_hal_tim.o(i.HAL_TIM_PWM_Init), (72 bytes).
    Removing stm32f0xx_hal_tim.o(i.HAL_TIM_PWM_MspDeInit), (2 bytes).
    Removing stm32f0xx_hal_tim.o(i.HAL_TIM_PWM_MspInit), (2 bytes).
    Removing stm32f0xx_hal_tim.o(i.HAL_TIM_PWM_PulseFinishedHalfCpltCallback), (2 bytes).
    Removing stm32f0xx_hal_tim.o(i.HAL_TIM_PWM_Start), (156 bytes).
    Removing stm32f0xx_hal_tim.o(i.HAL_TIM_PWM_Start_DMA), (400 bytes).
    Removing stm32f0xx_hal_tim.o(i.HAL_TIM_PWM_Start_IT), (196 bytes).
    Removing stm32f0xx_hal_tim.o(i.HAL_TIM_PWM_Stop), (136 bytes).
    Removing stm32f0xx_hal_tim.o(i.HAL_TIM_PWM_Stop_DMA), (228 bytes).
    Removing stm32f0xx_hal_tim.o(i.HAL_TIM_PWM_Stop_IT), (196 bytes).
    Removing stm32f0xx_hal_tim.o(i.HAL_TIM_PeriodElapsedCallback), (2 bytes).
    Removing stm32f0xx_hal_tim.o(i.HAL_TIM_PeriodElapsedHalfCpltCallback), (2 bytes).
    Removing stm32f0xx_hal_tim.o(i.HAL_TIM_ReadCapturedValue), (44 bytes).
    Removing stm32f0xx_hal_tim.o(i.HAL_TIM_SlaveConfigSynchro), (76 bytes).
    Removing stm32f0xx_hal_tim.o(i.HAL_TIM_SlaveConfigSynchro_IT), (76 bytes).
    Removing stm32f0xx_hal_tim.o(i.HAL_TIM_TriggerHalfCpltCallback), (2 bytes).
    Removing stm32f0xx_hal_tim.o(i.TIM_CCxChannelCmd), (26 bytes).
    Removing stm32f0xx_hal_tim.o(i.TIM_DMACaptureCplt), (118 bytes).
    Removing stm32f0xx_hal_tim.o(i.TIM_DMACaptureHalfCplt), (56 bytes).
    Removing stm32f0xx_hal_tim.o(i.TIM_DMADelayPulseCplt), (102 bytes).
    Removing stm32f0xx_hal_tim.o(i.TIM_DMADelayPulseHalfCplt), (56 bytes).
    Removing stm32f0xx_hal_tim.o(i.TIM_DMAError), (84 bytes).
    Removing stm32f0xx_hal_tim.o(i.TIM_DMAPeriodElapsedCplt), (24 bytes).
    Removing stm32f0xx_hal_tim.o(i.TIM_DMAPeriodElapsedHalfCplt), (10 bytes).
    Removing stm32f0xx_hal_tim.o(i.TIM_DMATriggerCplt), (24 bytes).
    Removing stm32f0xx_hal_tim.o(i.TIM_DMATriggerHalfCplt), (10 bytes).
    Removing stm32f0xx_hal_tim.o(i.TIM_ETR_SetConfig), (22 bytes).
    Removing stm32f0xx_hal_tim.o(i.TIM_ITRx_SetConfig), (16 bytes).
    Removing stm32f0xx_hal_tim.o(i.TIM_OC1_SetConfig), (120 bytes).
    Removing stm32f0xx_hal_tim.o(i.TIM_OC2_SetConfig), (116 bytes).
    Removing stm32f0xx_hal_tim.o(i.TIM_OC3_SetConfig), (120 bytes).
    Removing stm32f0xx_hal_tim.o(i.TIM_OC4_SetConfig), (96 bytes).
    Removing stm32f0xx_hal_tim.o(i.TIM_SlaveTimer_SetConfig), (140 bytes).
    Removing stm32f0xx_hal_tim.o(i.TIM_TI1_ConfigInputStage), (34 bytes).
    Removing stm32f0xx_hal_tim.o(i.TIM_TI1_SetConfig), (68 bytes).
    Removing stm32f0xx_hal_tim.o(i.TIM_TI2_ConfigInputStage), (38 bytes).
    Removing stm32f0xx_hal_tim.o(i.TIM_TI2_SetConfig), (52 bytes).
    Removing stm32f0xx_hal_tim_ex.o(.rev16_text), (4 bytes).
    Removing stm32f0xx_hal_tim_ex.o(.revsh_text), (4 bytes).
    Removing stm32f0xx_hal_tim_ex.o(i.HAL_TIMEx_CommutHalfCpltCallback), (2 bytes).
    Removing stm32f0xx_hal_tim_ex.o(i.HAL_TIMEx_ConfigBreakDeadTime), (94 bytes).
    Removing stm32f0xx_hal_tim_ex.o(i.HAL_TIMEx_ConfigCommutEvent), (108 bytes).
    Removing stm32f0xx_hal_tim_ex.o(i.HAL_TIMEx_ConfigCommutEvent_DMA), (140 bytes).
    Removing stm32f0xx_hal_tim_ex.o(i.HAL_TIMEx_ConfigCommutEvent_IT), (108 bytes).
    Removing stm32f0xx_hal_tim_ex.o(i.HAL_TIMEx_GetChannelNState), (30 bytes).
    Removing stm32f0xx_hal_tim_ex.o(i.HAL_TIMEx_HallSensor_DeInit), (68 bytes).
    Removing stm32f0xx_hal_tim_ex.o(i.HAL_TIMEx_HallSensor_GetState), (6 bytes).
    Removing stm32f0xx_hal_tim_ex.o(i.HAL_TIMEx_HallSensor_Init), (196 bytes).
    Removing stm32f0xx_hal_tim_ex.o(i.HAL_TIMEx_HallSensor_MspDeInit), (2 bytes).
    Removing stm32f0xx_hal_tim_ex.o(i.HAL_TIMEx_HallSensor_MspInit), (2 bytes).
    Removing stm32f0xx_hal_tim_ex.o(i.HAL_TIMEx_HallSensor_Start), (104 bytes).
    Removing stm32f0xx_hal_tim_ex.o(i.HAL_TIMEx_HallSensor_Start_DMA), (172 bytes).
    Removing stm32f0xx_hal_tim_ex.o(i.HAL_TIMEx_HallSensor_Start_IT), (112 bytes).
    Removing stm32f0xx_hal_tim_ex.o(i.HAL_TIMEx_HallSensor_Stop), (64 bytes).
    Removing stm32f0xx_hal_tim_ex.o(i.HAL_TIMEx_HallSensor_Stop_DMA), (76 bytes).
    Removing stm32f0xx_hal_tim_ex.o(i.HAL_TIMEx_HallSensor_Stop_IT), (76 bytes).
    Removing stm32f0xx_hal_tim_ex.o(i.HAL_TIMEx_MasterConfigSynchronization), (80 bytes).
    Removing stm32f0xx_hal_tim_ex.o(i.HAL_TIMEx_OCN_Start), (128 bytes).
    Removing stm32f0xx_hal_tim_ex.o(i.HAL_TIMEx_OCN_Start_DMA), (320 bytes).
    Removing stm32f0xx_hal_tim_ex.o(i.HAL_TIMEx_OCN_Start_IT), (160 bytes).
    Removing stm32f0xx_hal_tim_ex.o(i.HAL_TIMEx_OCN_Stop), (108 bytes).
    Removing stm32f0xx_hal_tim_ex.o(i.HAL_TIMEx_OCN_Stop_DMA), (176 bytes).
    Removing stm32f0xx_hal_tim_ex.o(i.HAL_TIMEx_OCN_Stop_IT), (168 bytes).
    Removing stm32f0xx_hal_tim_ex.o(i.HAL_TIMEx_OnePulseN_Start), (98 bytes).
    Removing stm32f0xx_hal_tim_ex.o(i.HAL_TIMEx_OnePulseN_Start_IT), (116 bytes).
    Removing stm32f0xx_hal_tim_ex.o(i.HAL_TIMEx_OnePulseN_Stop), (112 bytes).
    Removing stm32f0xx_hal_tim_ex.o(i.HAL_TIMEx_OnePulseN_Stop_IT), (132 bytes).
    Removing stm32f0xx_hal_tim_ex.o(i.HAL_TIMEx_PWMN_Start), (128 bytes).
    Removing stm32f0xx_hal_tim_ex.o(i.HAL_TIMEx_PWMN_Start_DMA), (320 bytes).
    Removing stm32f0xx_hal_tim_ex.o(i.HAL_TIMEx_PWMN_Start_IT), (160 bytes).
    Removing stm32f0xx_hal_tim_ex.o(i.HAL_TIMEx_PWMN_Stop), (108 bytes).
    Removing stm32f0xx_hal_tim_ex.o(i.HAL_TIMEx_PWMN_Stop_DMA), (176 bytes).
    Removing stm32f0xx_hal_tim_ex.o(i.HAL_TIMEx_PWMN_Stop_IT), (168 bytes).
    Removing stm32f0xx_hal_tim_ex.o(i.HAL_TIMEx_RemapConfig), (28 bytes).
    Removing stm32f0xx_hal_tim_ex.o(i.TIMEx_DMACommutationCplt), (16 bytes).
    Removing stm32f0xx_hal_tim_ex.o(i.TIMEx_DMACommutationHalfCplt), (16 bytes).
    Removing stm32f0xx_hal_tim_ex.o(i.TIM_CCxNChannelCmd), (26 bytes).
    Removing stm32f0xx_hal_tim_ex.o(i.TIM_DMADelayPulseNCplt), (102 bytes).
    Removing stm32f0xx_hal_tim_ex.o(i.TIM_DMAErrorCCxN), (62 bytes).
    Removing stm32f0xx_hal_uart.o(.rev16_text), (4 bytes).
    Removing stm32f0xx_hal_uart.o(.revsh_text), (4 bytes).
    Removing stm32f0xx_hal_uart.o(i.HAL_HalfDuplex_EnableReceiver), (78 bytes).
    Removing stm32f0xx_hal_uart.o(i.HAL_HalfDuplex_EnableTransmitter), (78 bytes).
    Removing stm32f0xx_hal_uart.o(i.HAL_HalfDuplex_Init), (106 bytes).
    Removing stm32f0xx_hal_uart.o(i.HAL_MultiProcessor_DisableMuteMode), (58 bytes).
    Removing stm32f0xx_hal_uart.o(i.HAL_MultiProcessor_EnableMuteMode), (58 bytes).
    Removing stm32f0xx_hal_uart.o(i.HAL_MultiProcessor_EnterMuteMode), (12 bytes).
    Removing stm32f0xx_hal_uart.o(i.HAL_MultiProcessor_Init), (138 bytes).
    Removing stm32f0xx_hal_uart.o(i.HAL_UART_Abort), (252 bytes).
    Removing stm32f0xx_hal_uart.o(i.HAL_UART_AbortCpltCallback), (2 bytes).
    Removing stm32f0xx_hal_uart.o(i.HAL_UART_AbortReceive), (184 bytes).
    Removing stm32f0xx_hal_uart.o(i.HAL_UART_AbortReceiveCpltCallback), (2 bytes).
    Removing stm32f0xx_hal_uart.o(i.HAL_UART_AbortReceive_IT), (200 bytes).
    Removing stm32f0xx_hal_uart.o(i.HAL_UART_AbortTransmit), (112 bytes).
    Removing stm32f0xx_hal_uart.o(i.HAL_UART_AbortTransmitCpltCallback), (2 bytes).
    Removing stm32f0xx_hal_uart.o(i.HAL_UART_AbortTransmit_IT), (116 bytes).
    Removing stm32f0xx_hal_uart.o(i.HAL_UART_Abort_IT), (292 bytes).
    Removing stm32f0xx_hal_uart.o(i.HAL_UART_DMAPause), (150 bytes).
    Removing stm32f0xx_hal_uart.o(i.HAL_UART_DMAResume), (140 bytes).
    Removing stm32f0xx_hal_uart.o(i.HAL_UART_DMAStop), (154 bytes).
    Removing stm32f0xx_hal_uart.o(i.HAL_UART_DeInit), (62 bytes).
    Removing stm32f0xx_hal_uart.o(i.HAL_UART_DisableReceiverTimeout), (52 bytes).
    Removing stm32f0xx_hal_uart.o(i.HAL_UART_EnableReceiverTimeout), (52 bytes).
    Removing stm32f0xx_hal_uart.o(i.HAL_UART_GetError), (6 bytes).
    Removing stm32f0xx_hal_uart.o(i.HAL_UART_GetState), (10 bytes).
    Removing stm32f0xx_hal_uart.o(i.HAL_UART_Init), (106 bytes).
    Removing stm32f0xx_hal_uart.o(i.HAL_UART_MspDeInit), (2 bytes).
    Removing stm32f0xx_hal_uart.o(i.HAL_UART_MspInit), (2 bytes).
    Removing stm32f0xx_hal_uart.o(i.HAL_UART_Receive), (252 bytes).
    Removing stm32f0xx_hal_uart.o(i.HAL_UART_Receive_DMA), (100 bytes).
    Removing stm32f0xx_hal_uart.o(i.HAL_UART_Receive_IT), (100 bytes).
    Removing stm32f0xx_hal_uart.o(i.HAL_UART_ReceiverTimeout_Config), (14 bytes).
    Removing stm32f0xx_hal_uart.o(i.HAL_UART_RxCpltCallback), (2 bytes).
    Removing stm32f0xx_hal_uart.o(i.HAL_UART_RxHalfCpltCallback), (2 bytes).
    Removing stm32f0xx_hal_uart.o(i.HAL_UART_Transmit), (210 bytes).
    Removing stm32f0xx_hal_uart.o(i.HAL_UART_Transmit_DMA), (192 bytes).
    Removing stm32f0xx_hal_uart.o(i.HAL_UART_Transmit_IT), (136 bytes).
    Removing stm32f0xx_hal_uart.o(i.HAL_UART_TxHalfCpltCallback), (2 bytes).
    Removing stm32f0xx_hal_uart.o(i.UART_DMAError), (76 bytes).
    Removing stm32f0xx_hal_uart.o(i.UART_DMAReceiveCplt), (148 bytes).
    Removing stm32f0xx_hal_uart.o(i.UART_DMARxAbortCallback), (64 bytes).
    Removing stm32f0xx_hal_uart.o(i.UART_DMARxHalfCplt), (28 bytes).
    Removing stm32f0xx_hal_uart.o(i.UART_DMARxOnlyAbortCallback), (38 bytes).
    Removing stm32f0xx_hal_uart.o(i.UART_DMATransmitCplt), (74 bytes).
    Removing stm32f0xx_hal_uart.o(i.UART_DMATxAbortCallback), (54 bytes).
    Removing stm32f0xx_hal_uart.o(i.UART_DMATxHalfCplt), (10 bytes).
    Removing stm32f0xx_hal_uart.o(i.UART_DMATxOnlyAbortCallback), (20 bytes).
    Removing stm32f0xx_hal_uart.o(i.UART_EndTxTransfer), (32 bytes).
    Removing stm32f0xx_hal_uart.o(i.UART_RxISR_16BIT), (168 bytes).
    Removing stm32f0xx_hal_uart.o(i.UART_RxISR_8BIT), (168 bytes).
    Removing stm32f0xx_hal_uart.o(i.UART_Start_Receive_DMA), (176 bytes).
    Removing stm32f0xx_hal_uart.o(i.UART_Start_Receive_IT), (156 bytes).
    Removing stm32f0xx_hal_uart.o(i.UART_TxISR_16BIT), (94 bytes).
    Removing stm32f0xx_hal_uart.o(i.UART_TxISR_8BIT), (90 bytes).
    Removing stm32f0xx_hal_uart_ex.o(.rev16_text), (4 bytes).
    Removing stm32f0xx_hal_uart_ex.o(.revsh_text), (4 bytes).
    Removing stm32f0xx_hal_uart_ex.o(i.HAL_MultiProcessorEx_AddressLength_Set), (52 bytes).
    Removing stm32f0xx_hal_uart_ex.o(i.HAL_UARTEx_ReceiveToIdle), (312 bytes).
    Removing stm32f0xx_hal_uart_ex.o(i.HAL_UARTEx_ReceiveToIdle_DMA), (114 bytes).
    Removing stm32f0xx_hal_uart_ex.o(i.HAL_UARTEx_ReceiveToIdle_IT), (114 bytes).
    Removing system_stm32f0xx.o(.rev16_text), (4 bytes).
    Removing system_stm32f0xx.o(.revsh_text), (4 bytes).
    Removing system_stm32f0xx.o(i.SystemCoreClockUpdate), (108 bytes).
    Removing mb.o(i.eMBClose), (32 bytes).
    Removing mb.o(i.eMBDisable), (36 bytes).
    Removing mb.o(i.eMBEnable), (32 bytes).
    Removing mb.o(i.eMBInit), (204 bytes).
    Removing mb.o(i.eMBPoll), (188 bytes).
    Removing mb.o(i.eMBRegisterCB), (92 bytes).
    Removing mb.o(.data), (4 bytes).
    Removing mb.o(.data), (4 bytes).
    Removing mbascii.o(i.eMBASCIIInit), (52 bytes).
    Removing mbascii.o(i.eMBASCIIReceive), (68 bytes).
    Removing mbascii.o(i.eMBASCIISend), (76 bytes).
    Removing mbascii.o(i.eMBASCIIStart), (28 bytes).
    Removing mbascii.o(i.eMBASCIIStop), (16 bytes).
    Removing mbascii.o(i.prvucMBBIN2CHAR), (28 bytes).
    Removing mbascii.o(i.prvucMBLRC), (28 bytes).
    Removing mbascii.o(i.xMBASCIIReceiveFSM), (232 bytes).
    Removing mbascii.o(i.xMBASCIITimerT1SExpired), (48 bytes).
    Removing mbascii.o(i.xMBASCIITransmitFSM), (180 bytes).
    Removing mbascii.o(.data), (16 bytes).
    Removing mbcrc.o(i.usMBCRC16), (48 bytes).
    Removing mbcrc.o(.constdata), (512 bytes).
    Removing mbfuncother.o(i.eMBSetSlaveID), (76 bytes).
    Removing mbrtu.o(.rev16_text), (4 bytes).
    Removing mbrtu.o(.revsh_text), (4 bytes).
    Removing mbrtu.o(i.eMBRTUInit), (60 bytes).
    Removing mbrtu.o(i.eMBRTUReceive), (76 bytes).
    Removing mbrtu.o(i.eMBRTUSend), (112 bytes).
    Removing mbrtu.o(i.eMBRTUStart), (28 bytes).
    Removing mbrtu.o(i.eMBRTUStop), (16 bytes).
    Removing mbrtu.o(i.xMBRTUReceiveFSM), (128 bytes).
    Removing mbrtu.o(i.xMBRTUTimerT35Expired), (68 bytes).
    Removing mbrtu.o(i.xMBRTUTransmitFSM), (96 bytes).
    Removing mbrtu.o(.bss), (256 bytes).
    Removing mbrtu.o(.data), (1 bytes).
    Removing mbrtu.o(.data), (12 bytes).
    Removing mbutils.o(i.xMBUtilGetBits), (32 bytes).
    Removing mbutils.o(i.xMBUtilSetBits), (48 bytes).
    Removing portevent.o(i.xMBPortEventGet), (28 bytes).
    Removing portevent.o(i.xMBPortEventInit), (16 bytes).
    Removing portevent.o(i.xMBPortEventPost), (16 bytes).
    Removing portevent.o(.data), (2 bytes).
    Removing portserial.o(.rev16_text), (4 bytes).
    Removing portserial.o(.revsh_text), (4 bytes).
    Removing portserial.o(i.HAL_UART_RxCpltCallback), (44 bytes).
    Removing portserial.o(i.vMBPortSerialEnable), (60 bytes).
    Removing portserial.o(i.xMBPortSerialGetByte), (16 bytes).
    Removing portserial.o(i.xMBPortSerialInit), (84 bytes).
    Removing portserial.o(i.xMBPortSerialPutByte), (12 bytes).
    Removing portserial.o(.bss), (10 bytes).
    Removing portserial.o(.data), (2 bytes).
    Removing portserial.o(.data), (1 bytes).
    Removing porttimer.o(.rev16_text), (4 bytes).
    Removing porttimer.o(.revsh_text), (4 bytes).
    Removing porttimer.o(i.xMBPortTimersInit), (56 bytes).
    Removing ds18b20.o(.rev16_text), (4 bytes).
    Removing ds18b20.o(.revsh_text), (4 bytes).
    Removing ds18b20.o(i.DS18B20_GetTemp_MatchRom), (96 bytes).
    Removing ds18b20.o(i.DS18B20_GetTemp_SkipRom), (64 bytes).
    Removing ds18b20.o(i.DS18B20_Init), (28 bytes).
    Removing ds18b20.o(i.DS18B20_MatchRom), (18 bytes).
    Removing ds18b20.o(i.DS18B20_Mode_IN_NP), (30 bytes).
    Removing ds18b20.o(i.DS18B20_Mode_OUT_PP), (32 bytes).
    Removing ds18b20.o(i.DS18B20_Presence), (94 bytes).
    Removing ds18b20.o(i.DS18B20_ReadByte), (80 bytes).
    Removing ds18b20.o(i.DS18B20_ReadId), (28 bytes).
    Removing ds18b20.o(i.DS18B20_Reset), (52 bytes).
    Removing ds18b20.o(i.DS18B20_SkipRom), (18 bytes).
    Removing ds18b20.o(i.DS18B20_WriteByte), (100 bytes).
    Removing ds18b20.o(i.bsp_delay_us), (8 bytes).
    Removing system.o(.rev16_text), (4 bytes).
    Removing system.o(.revsh_text), (4 bytes).
    Removing system.o(i.MyDelayMs), (8 bytes).
    Removing system.o(i.MyDelayUs), (72 bytes).
    Removing fscalb.o(.text), (24 bytes).
    Removing fflti.o(.text), (22 bytes).
    Removing stm32f0xx_hal_dma.o(i.__ARM_common_switch8), (26 bytes).
    Removing porttimer.o(i.vMBPortTimersEnable), (28 bytes).
    Removing porttimer.o(i.vMBPortTimersDisable), (16 bytes).

551 unused section(s) (total 42908 bytes) removed from the image.

==============================================================================

Image Symbol Table

    Local Symbols

    Symbol Name                              Value     Ov Type        Size  Object(Section)

    ../Core/Src/adc.c                        0x00000000   Number         0  adc.o ABSOLUTE
    ../Core/Src/gpio.c                       0x00000000   Number         0  gpio.o ABSOLUTE
    ../Core/Src/main.c                       0x00000000   Number         0  main.o ABSOLUTE
    ../Core/Src/stm32f0xx_hal_msp.c          0x00000000   Number         0  stm32f0xx_hal_msp.o ABSOLUTE
    ../Core/Src/stm32f0xx_it.c               0x00000000   Number         0  stm32f0xx_it.o ABSOLUTE
    ../Core/Src/system_stm32f0xx.c           0x00000000   Number         0  system_stm32f0xx.o ABSOLUTE
    ../Core/Src/tim.c                        0x00000000   Number         0  tim.o ABSOLUTE
    ../Core/Src/usart.c                      0x00000000   Number         0  usart.o ABSOLUTE
    ../Drivers/STM32F0xx_HAL_Driver/Src/stm32f0xx_hal.c 0x00000000   Number         0  stm32f0xx_hal.o ABSOLUTE
    ../Drivers/STM32F0xx_HAL_Driver/Src/stm32f0xx_hal_adc.c 0x00000000   Number         0  stm32f0xx_hal_adc.o ABSOLUTE
    ../Drivers/STM32F0xx_HAL_Driver/Src/stm32f0xx_hal_adc_ex.c 0x00000000   Number         0  stm32f0xx_hal_adc_ex.o ABSOLUTE
    ../Drivers/STM32F0xx_HAL_Driver/Src/stm32f0xx_hal_cortex.c 0x00000000   Number         0  stm32f0xx_hal_cortex.o ABSOLUTE
    ../Drivers/STM32F0xx_HAL_Driver/Src/stm32f0xx_hal_dma.c 0x00000000   Number         0  stm32f0xx_hal_dma.o ABSOLUTE
    ../Drivers/STM32F0xx_HAL_Driver/Src/stm32f0xx_hal_exti.c 0x00000000   Number         0  stm32f0xx_hal_exti.o ABSOLUTE
    ../Drivers/STM32F0xx_HAL_Driver/Src/stm32f0xx_hal_flash.c 0x00000000   Number         0  stm32f0xx_hal_flash.o ABSOLUTE
    ../Drivers/STM32F0xx_HAL_Driver/Src/stm32f0xx_hal_flash_ex.c 0x00000000   Number         0  stm32f0xx_hal_flash_ex.o ABSOLUTE
    ../Drivers/STM32F0xx_HAL_Driver/Src/stm32f0xx_hal_gpio.c 0x00000000   Number         0  stm32f0xx_hal_gpio.o ABSOLUTE
    ../Drivers/STM32F0xx_HAL_Driver/Src/stm32f0xx_hal_i2c.c 0x00000000   Number         0  stm32f0xx_hal_i2c.o ABSOLUTE
    ../Drivers/STM32F0xx_HAL_Driver/Src/stm32f0xx_hal_i2c_ex.c 0x00000000   Number         0  stm32f0xx_hal_i2c_ex.o ABSOLUTE
    ../Drivers/STM32F0xx_HAL_Driver/Src/stm32f0xx_hal_pwr.c 0x00000000   Number         0  stm32f0xx_hal_pwr.o ABSOLUTE
    ../Drivers/STM32F0xx_HAL_Driver/Src/stm32f0xx_hal_pwr_ex.c 0x00000000   Number         0  stm32f0xx_hal_pwr_ex.o ABSOLUTE
    ../Drivers/STM32F0xx_HAL_Driver/Src/stm32f0xx_hal_rcc.c 0x00000000   Number         0  stm32f0xx_hal_rcc.o ABSOLUTE
    ../Drivers/STM32F0xx_HAL_Driver/Src/stm32f0xx_hal_rcc_ex.c 0x00000000   Number         0  stm32f0xx_hal_rcc_ex.o ABSOLUTE
    ../Drivers/STM32F0xx_HAL_Driver/Src/stm32f0xx_hal_tim.c 0x00000000   Number         0  stm32f0xx_hal_tim.o ABSOLUTE
    ../Drivers/STM32F0xx_HAL_Driver/Src/stm32f0xx_hal_tim_ex.c 0x00000000   Number         0  stm32f0xx_hal_tim_ex.o ABSOLUTE
    ../Drivers/STM32F0xx_HAL_Driver/Src/stm32f0xx_hal_uart.c 0x00000000   Number         0  stm32f0xx_hal_uart.o ABSOLUTE
    ../Drivers/STM32F0xx_HAL_Driver/Src/stm32f0xx_hal_uart_ex.c 0x00000000   Number         0  stm32f0xx_hal_uart_ex.o ABSOLUTE
    ../clib/microlib/division.c              0x00000000   Number         0  uidiv.o ABSOLUTE
    ../clib/microlib/division.c              0x00000000   Number         0  uldiv.o ABSOLUTE
    ../clib/microlib/init/entry.s            0x00000000   Number         0  entry10b.o ABSOLUTE
    ../clib/microlib/init/entry.s            0x00000000   Number         0  entry10a.o ABSOLUTE
    ../clib/microlib/init/entry.s            0x00000000   Number         0  entry9a.o ABSOLUTE
    ../clib/microlib/init/entry.s            0x00000000   Number         0  entry9b.o ABSOLUTE
    ../clib/microlib/init/entry.s            0x00000000   Number         0  entry2.o ABSOLUTE
    ../clib/microlib/init/entry.s            0x00000000   Number         0  entry5.o ABSOLUTE
    ../clib/microlib/init/entry.s            0x00000000   Number         0  entry7a.o ABSOLUTE
    ../clib/microlib/init/entry.s            0x00000000   Number         0  entry8b.o ABSOLUTE
    ../clib/microlib/init/entry.s            0x00000000   Number         0  entry7b.o ABSOLUTE
    ../clib/microlib/init/entry.s            0x00000000   Number         0  entry.o ABSOLUTE
    ../clib/microlib/init/entry.s            0x00000000   Number         0  entry8a.o ABSOLUTE
    ../clib/microlib/init/entry.s            0x00000000   Number         0  entry11a.o ABSOLUTE
    ../clib/microlib/init/entry.s            0x00000000   Number         0  entry12b.o ABSOLUTE
    ../clib/microlib/init/entry.s            0x00000000   Number         0  entry12a.o ABSOLUTE
    ../clib/microlib/init/entry.s            0x00000000   Number         0  entry11b.o ABSOLUTE
    ../clib/microlib/longlong.c              0x00000000   Number         0  llushr.o ABSOLUTE
    ../clib/microlib/longlong.c              0x00000000   Number         0  llshl.o ABSOLUTE
    ../clib/microlib/stdlib/abort.c          0x00000000   Number         0  abort.o ABSOLUTE
    ../clib/microlib/string/memcpy.c         0x00000000   Number         0  memcpyb.o ABSOLUTE
    ../clib/microlib/string/memcpy.c         0x00000000   Number         0  memcpya.o ABSOLUTE
    ../clib/microlib/string/memset.c         0x00000000   Number         0  memseta.o ABSOLUTE
    ../clib/microlib/stubs.s                 0x00000000   Number         0  iusefp.o ABSOLUTE
    ../fplib/microlib/d2f.c                  0x00000000   Number         0  d2f.o ABSOLUTE
    ../fplib/microlib/fpepilogue.c           0x00000000   Number         0  depilogue.o ABSOLUTE
    ../fplib/microlib/fpepilogue.c           0x00000000   Number         0  fepilogue.o ABSOLUTE
    ../fplib/microlib/fpflt.c                0x00000000   Number         0  dfltui.o ABSOLUTE
    ../fplib/microlib/fpflt.c                0x00000000   Number         0  fflti.o ABSOLUTE
    ../fplib/microlib/fpmul.c                0x00000000   Number         0  dmul.o ABSOLUTE
    ../fplib/microlib/fpscalb.c              0x00000000   Number         0  dscalb.o ABSOLUTE
    ../fplib/microlib/fpscalb.c              0x00000000   Number         0  fscalb.o ABSOLUTE
    ..\Core\Src\adc.c                        0x00000000   Number         0  adc.o ABSOLUTE
    ..\Core\Src\dma.c                        0x00000000   Number         0  dma.o ABSOLUTE
    ..\Core\Src\gpio.c                       0x00000000   Number         0  gpio.o ABSOLUTE
    ..\Core\Src\main.c                       0x00000000   Number         0  main.o ABSOLUTE
    ..\Core\Src\stm32f0xx_hal_msp.c          0x00000000   Number         0  stm32f0xx_hal_msp.o ABSOLUTE
    ..\Core\Src\stm32f0xx_it.c               0x00000000   Number         0  stm32f0xx_it.o ABSOLUTE
    ..\Core\Src\system_stm32f0xx.c           0x00000000   Number         0  system_stm32f0xx.o ABSOLUTE
    ..\Core\Src\tim.c                        0x00000000   Number         0  tim.o ABSOLUTE
    ..\Core\Src\usart.c                      0x00000000   Number         0  usart.o ABSOLUTE
    ..\Drivers\MyDriver\SRC\DS18B20\ds18b20.c 0x00000000   Number         0  ds18b20.o ABSOLUTE
    ..\Drivers\MyDriver\SRC\MODBUS\mb.c      0x00000000   Number         0  mb.o ABSOLUTE
    ..\Drivers\MyDriver\SRC\MODBUS\mbascii.c 0x00000000   Number         0  mbascii.o ABSOLUTE
    ..\Drivers\MyDriver\SRC\MODBUS\mbcrc.c   0x00000000   Number         0  mbcrc.o ABSOLUTE
    ..\Drivers\MyDriver\SRC\MODBUS\mbfunccoils.c 0x00000000   Number         0  mbfunccoils.o ABSOLUTE
    ..\Drivers\MyDriver\SRC\MODBUS\mbfuncdiag.c 0x00000000   Number         0  mbfuncdiag.o ABSOLUTE
    ..\Drivers\MyDriver\SRC\MODBUS\mbfuncdisc.c 0x00000000   Number         0  mbfuncdisc.o ABSOLUTE
    ..\Drivers\MyDriver\SRC\MODBUS\mbfuncholding.c 0x00000000   Number         0  mbfuncholding.o ABSOLUTE
    ..\Drivers\MyDriver\SRC\MODBUS\mbfuncinput.c 0x00000000   Number         0  mbfuncinput.o ABSOLUTE
    ..\Drivers\MyDriver\SRC\MODBUS\mbfuncother.c 0x00000000   Number         0  mbfuncother.o ABSOLUTE
    ..\Drivers\MyDriver\SRC\MODBUS\mbrtu.c   0x00000000   Number         0  mbrtu.o ABSOLUTE
    ..\Drivers\MyDriver\SRC\MODBUS\mbtcp.c   0x00000000   Number         0  mbtcp.o ABSOLUTE
    ..\Drivers\MyDriver\SRC\MODBUS\mbutils.c 0x00000000   Number         0  mbutils.o ABSOLUTE
    ..\Drivers\MyDriver\SRC\MODBUS\port.c    0x00000000   Number         0  port.o ABSOLUTE
    ..\Drivers\MyDriver\SRC\MODBUS\portevent.c 0x00000000   Number         0  portevent.o ABSOLUTE
    ..\Drivers\MyDriver\SRC\MODBUS\portserial.c 0x00000000   Number         0  portserial.o ABSOLUTE
    ..\Drivers\MyDriver\SRC\MODBUS\porttimer.c 0x00000000   Number         0  porttimer.o ABSOLUTE
    ..\Drivers\MyDriver\SRC\SYSTEM\system.c  0x00000000   Number         0  system.o ABSOLUTE
    ..\Drivers\STM32F0xx_HAL_Driver\Src\stm32f0xx_hal.c 0x00000000   Number         0  stm32f0xx_hal.o ABSOLUTE
    ..\Drivers\STM32F0xx_HAL_Driver\Src\stm32f0xx_hal_adc.c 0x00000000   Number         0  stm32f0xx_hal_adc.o ABSOLUTE
    ..\Drivers\STM32F0xx_HAL_Driver\Src\stm32f0xx_hal_adc_ex.c 0x00000000   Number         0  stm32f0xx_hal_adc_ex.o ABSOLUTE
    ..\Drivers\STM32F0xx_HAL_Driver\Src\stm32f0xx_hal_cortex.c 0x00000000   Number         0  stm32f0xx_hal_cortex.o ABSOLUTE
    ..\Drivers\STM32F0xx_HAL_Driver\Src\stm32f0xx_hal_dma.c 0x00000000   Number         0  stm32f0xx_hal_dma.o ABSOLUTE
    ..\Drivers\STM32F0xx_HAL_Driver\Src\stm32f0xx_hal_exti.c 0x00000000   Number         0  stm32f0xx_hal_exti.o ABSOLUTE
    ..\Drivers\STM32F0xx_HAL_Driver\Src\stm32f0xx_hal_flash.c 0x00000000   Number         0  stm32f0xx_hal_flash.o ABSOLUTE
    ..\Drivers\STM32F0xx_HAL_Driver\Src\stm32f0xx_hal_flash_ex.c 0x00000000   Number         0  stm32f0xx_hal_flash_ex.o ABSOLUTE
    ..\Drivers\STM32F0xx_HAL_Driver\Src\stm32f0xx_hal_gpio.c 0x00000000   Number         0  stm32f0xx_hal_gpio.o ABSOLUTE
    ..\Drivers\STM32F0xx_HAL_Driver\Src\stm32f0xx_hal_i2c.c 0x00000000   Number         0  stm32f0xx_hal_i2c.o ABSOLUTE
    ..\Drivers\STM32F0xx_HAL_Driver\Src\stm32f0xx_hal_i2c_ex.c 0x00000000   Number         0  stm32f0xx_hal_i2c_ex.o ABSOLUTE
    ..\Drivers\STM32F0xx_HAL_Driver\Src\stm32f0xx_hal_pwr.c 0x00000000   Number         0  stm32f0xx_hal_pwr.o ABSOLUTE
    ..\Drivers\STM32F0xx_HAL_Driver\Src\stm32f0xx_hal_pwr_ex.c 0x00000000   Number         0  stm32f0xx_hal_pwr_ex.o ABSOLUTE
    ..\Drivers\STM32F0xx_HAL_Driver\Src\stm32f0xx_hal_rcc.c 0x00000000   Number         0  stm32f0xx_hal_rcc.o ABSOLUTE
    ..\Drivers\STM32F0xx_HAL_Driver\Src\stm32f0xx_hal_rcc_ex.c 0x00000000   Number         0  stm32f0xx_hal_rcc_ex.o ABSOLUTE
    ..\Drivers\STM32F0xx_HAL_Driver\Src\stm32f0xx_hal_tim.c 0x00000000   Number         0  stm32f0xx_hal_tim.o ABSOLUTE
    ..\Drivers\STM32F0xx_HAL_Driver\Src\stm32f0xx_hal_tim_ex.c 0x00000000   Number         0  stm32f0xx_hal_tim_ex.o ABSOLUTE
    ..\Drivers\STM32F0xx_HAL_Driver\Src\stm32f0xx_hal_uart.c 0x00000000   Number         0  stm32f0xx_hal_uart.o ABSOLUTE
    ..\Drivers\STM32F0xx_HAL_Driver\Src\stm32f0xx_hal_uart_ex.c 0x00000000   Number         0  stm32f0xx_hal_uart_ex.o ABSOLUTE
    ..\\Core\\Src\\dma.c                     0x00000000   Number         0  dma.o ABSOLUTE
    ..\\Drivers\\MyDriver\\SRC\\DS18B20\\ds18b20.c 0x00000000   Number         0  ds18b20.o ABSOLUTE
    ..\\Drivers\\MyDriver\\SRC\\MODBUS\\mbrtu.c 0x00000000   Number         0  mbrtu.o ABSOLUTE
    ..\\Drivers\\MyDriver\\SRC\\MODBUS\\portserial.c 0x00000000   Number         0  portserial.o ABSOLUTE
    ..\\Drivers\\MyDriver\\SRC\\MODBUS\\porttimer.c 0x00000000   Number         0  porttimer.o ABSOLUTE
    ..\\Drivers\\MyDriver\\SRC\\SYSTEM\\system.c 0x00000000   Number         0  system.o ABSOLUTE
    dc.s                                     0x00000000   Number         0  dc.o ABSOLUTE
    handlers.s                               0x00000000   Number         0  handlers.o ABSOLUTE
    init.s                                   0x00000000   Number         0  init.o ABSOLUTE
    startup_stm32f030x6.s                    0x00000000   Number         0  startup_stm32f030x6.o ABSOLUTE
    RESET                                    0x08000000   Section      176  startup_stm32f030x6.o(RESET)
    .ARM.Collect$$$$00000000                 0x080000b0   Section        0  entry.o(.ARM.Collect$$$$00000000)
    .ARM.Collect$$$$00000001                 0x080000b0   Section        4  entry2.o(.ARM.Collect$$$$00000001)
    .ARM.Collect$$$$00000004                 0x080000b4   Section        4  entry5.o(.ARM.Collect$$$$00000004)
    .ARM.Collect$$$$00000008                 0x080000b8   Section        0  entry7b.o(.ARM.Collect$$$$00000008)
    .ARM.Collect$$$$0000000A                 0x080000b8   Section        0  entry8b.o(.ARM.Collect$$$$0000000A)
    .ARM.Collect$$$$0000000B                 0x080000b8   Section        8  entry9a.o(.ARM.Collect$$$$0000000B)
    .ARM.Collect$$$$0000000E                 0x080000c0   Section        4  entry12b.o(.ARM.Collect$$$$0000000E)
    .ARM.Collect$$$$0000000F                 0x080000c4   Section        0  entry10a.o(.ARM.Collect$$$$0000000F)
    .ARM.Collect$$$$00000011                 0x080000c4   Section        0  entry11a.o(.ARM.Collect$$$$00000011)
    .ARM.Collect$$$$00002712                 0x080000c4   Section        4  entry2.o(.ARM.Collect$$$$00002712)
    __lit__00000000                          0x080000c4   Data           4  entry2.o(.ARM.Collect$$$$00002712)
    .text                                    0x080000c8   Section       28  startup_stm32f030x6.o(.text)
    .text                                    0x080000e4   Section        0  uidiv.o(.text)
    .text                                    0x08000110   Section        0  uldiv.o(.text)
    .text                                    0x08000170   Section        0  llushr.o(.text)
    .text                                    0x08000192   Section        0  memcpya.o(.text)
    .text                                    0x080001b6   Section        0  memseta.o(.text)
    .text                                    0x080001dc   Section        0  dmul.o(.text)
    .text                                    0x080002ac   Section        0  dscalb.o(.text)
    .text                                    0x080002d8   Section        0  dfltui.o(.text)
    .text                                    0x080002f4   Section        0  d2f.o(.text)
    .text                                    0x0800032c   Section        0  llshl.o(.text)
    .text                                    0x0800034c   Section        0  fepilogue.o(.text)
    .text                                    0x0800034c   Section        0  iusefp.o(.text)
    .text                                    0x080003ce   Section        0  depilogue.o(.text)
    .text                                    0x0800048c   Section       36  init.o(.text)
    i.ADC1_IRQHandler                        0x080004b0   Section        0  stm32f0xx_it.o(i.ADC1_IRQHandler)
    i.DMA1_Channel1_IRQHandler               0x080004c0   Section        0  stm32f0xx_it.o(i.DMA1_Channel1_IRQHandler)
    i.DMA_CalcBaseAndBitshift                0x080004d0   Section        0  stm32f0xx_hal_dma.o(i.DMA_CalcBaseAndBitshift)
    DMA_CalcBaseAndBitshift                  0x080004d1   Thumb Code    26  stm32f0xx_hal_dma.o(i.DMA_CalcBaseAndBitshift)
    i.Error_Handler                          0x080004f4   Section        0  main.o(i.Error_Handler)
    i.HAL_ADCEx_Calibration_Start            0x080004f8   Section        0  stm32f0xx_hal_adc_ex.o(i.HAL_ADCEx_Calibration_Start)
    i.HAL_ADC_ConfigChannel                  0x080005b0   Section        0  stm32f0xx_hal_adc.o(i.HAL_ADC_ConfigChannel)
    i.HAL_ADC_ConvCpltCallback               0x080006c0   Section        0  adc.o(i.HAL_ADC_ConvCpltCallback)
    i.HAL_ADC_ErrorCallback                  0x0800070c   Section        0  stm32f0xx_hal_adc.o(i.HAL_ADC_ErrorCallback)
    i.HAL_ADC_IRQHandler                     0x0800070e   Section        0  stm32f0xx_hal_adc.o(i.HAL_ADC_IRQHandler)
    i.HAL_ADC_Init                           0x080007e0   Section        0  stm32f0xx_hal_adc.o(i.HAL_ADC_Init)
    i.HAL_ADC_LevelOutOfWindowCallback       0x08000958   Section        0  stm32f0xx_hal_adc.o(i.HAL_ADC_LevelOutOfWindowCallback)
    i.HAL_ADC_MspInit                        0x0800095c   Section        0  adc.o(i.HAL_ADC_MspInit)
    i.HAL_DMA_Abort                          0x08000a14   Section        0  stm32f0xx_hal_dma.o(i.HAL_DMA_Abort)
    i.HAL_DMA_Abort_IT                       0x08000a54   Section        0  stm32f0xx_hal_dma.o(i.HAL_DMA_Abort_IT)
    i.HAL_DMA_IRQHandler                     0x08000a9c   Section        0  stm32f0xx_hal_dma.o(i.HAL_DMA_IRQHandler)
    i.HAL_DMA_Init                           0x08000b38   Section        0  stm32f0xx_hal_dma.o(i.HAL_DMA_Init)
    i.HAL_Delay                              0x08000b8c   Section        0  stm32f0xx_hal.o(i.HAL_Delay)
    i.HAL_GPIO_Init                          0x08000bb0   Section        0  stm32f0xx_hal_gpio.o(i.HAL_GPIO_Init)
    i.HAL_GPIO_TogglePin                     0x08000d54   Section        0  stm32f0xx_hal_gpio.o(i.HAL_GPIO_TogglePin)
    i.HAL_GPIO_WritePin                      0x08000d64   Section        0  stm32f0xx_hal_gpio.o(i.HAL_GPIO_WritePin)
    i.HAL_GetTick                            0x08000d70   Section        0  stm32f0xx_hal.o(i.HAL_GetTick)
    i.HAL_IncTick                            0x08000d7c   Section        0  stm32f0xx_hal.o(i.HAL_IncTick)
    i.HAL_Init                               0x08000d8c   Section        0  stm32f0xx_hal.o(i.HAL_Init)
    i.HAL_InitTick                           0x08000dac   Section        0  stm32f0xx_hal.o(i.HAL_InitTick)
    i.HAL_MspInit                            0x08000df0   Section        0  stm32f0xx_hal_msp.o(i.HAL_MspInit)
    i.HAL_NVIC_EnableIRQ                     0x08000e18   Section        0  stm32f0xx_hal_cortex.o(i.HAL_NVIC_EnableIRQ)
    i.HAL_NVIC_SetPriority                   0x08000e30   Section        0  stm32f0xx_hal_cortex.o(i.HAL_NVIC_SetPriority)
    i.HAL_RCCEx_PeriphCLKConfig              0x08000e38   Section        0  stm32f0xx_hal_rcc_ex.o(i.HAL_RCCEx_PeriphCLKConfig)
    i.HAL_RCC_ClockConfig                    0x08000f20   Section        0  stm32f0xx_hal_rcc.o(i.HAL_RCC_ClockConfig)
    i.HAL_RCC_GetPCLK1Freq                   0x08001028   Section        0  stm32f0xx_hal_rcc.o(i.HAL_RCC_GetPCLK1Freq)
    i.HAL_RCC_GetSysClockFreq                0x08001048   Section        0  stm32f0xx_hal_rcc.o(i.HAL_RCC_GetSysClockFreq)
    i.HAL_RCC_OscConfig                      0x080010c8   Section        0  stm32f0xx_hal_rcc.o(i.HAL_RCC_OscConfig)
    i.HAL_RS485Ex_Init                       0x08001450   Section        0  stm32f0xx_hal_uart_ex.o(i.HAL_RS485Ex_Init)
    i.HAL_SYSTICK_Config                     0x080014d8   Section        0  stm32f0xx_hal_cortex.o(i.HAL_SYSTICK_Config)
    i.HAL_TIMEx_BreakCallback                0x08001508   Section        0  stm32f0xx_hal_tim_ex.o(i.HAL_TIMEx_BreakCallback)
    i.HAL_TIMEx_CommutCallback               0x0800150a   Section        0  stm32f0xx_hal_tim_ex.o(i.HAL_TIMEx_CommutCallback)
    i.HAL_TIM_Base_Init                      0x0800150c   Section        0  stm32f0xx_hal_tim.o(i.HAL_TIM_Base_Init)
    i.HAL_TIM_Base_MspInit                   0x08001554   Section        0  tim.o(i.HAL_TIM_Base_MspInit)
    i.HAL_TIM_Base_Start_IT                  0x080015b0   Section        0  stm32f0xx_hal_tim.o(i.HAL_TIM_Base_Start_IT)
    i.HAL_TIM_IC_CaptureCallback             0x080015f8   Section        0  stm32f0xx_hal_tim.o(i.HAL_TIM_IC_CaptureCallback)
    i.HAL_TIM_IRQHandler                     0x080015fa   Section        0  stm32f0xx_hal_tim.o(i.HAL_TIM_IRQHandler)
    i.HAL_TIM_OC_DelayElapsedCallback        0x0800175c   Section        0  stm32f0xx_hal_tim.o(i.HAL_TIM_OC_DelayElapsedCallback)
    i.HAL_TIM_PWM_PulseFinishedCallback      0x0800175e   Section        0  stm32f0xx_hal_tim.o(i.HAL_TIM_PWM_PulseFinishedCallback)
    i.HAL_TIM_PeriodElapsedCallback          0x08001760   Section        0  porttimer.o(i.HAL_TIM_PeriodElapsedCallback)
    i.HAL_TIM_TriggerCallback                0x080018bc   Section        0  stm32f0xx_hal_tim.o(i.HAL_TIM_TriggerCallback)
    i.HAL_UARTEx_RxEventCallback             0x080018be   Section        0  stm32f0xx_hal_uart.o(i.HAL_UARTEx_RxEventCallback)
    i.HAL_UART_ErrorCallback                 0x080018c0   Section        0  stm32f0xx_hal_uart.o(i.HAL_UART_ErrorCallback)
    i.HAL_UART_IRQHandler                    0x080018c4   Section        0  stm32f0xx_hal_uart.o(i.HAL_UART_IRQHandler)
    i.HAL_UART_MspInit                       0x08001b50   Section        0  usart.o(i.HAL_UART_MspInit)
    i.HAL_UART_TxCpltCallback                0x08001bc0   Section        0  stm32f0xx_hal_uart.o(i.HAL_UART_TxCpltCallback)
    i.HardFault_Handler                      0x08001bc2   Section        0  stm32f0xx_it.o(i.HardFault_Handler)
    i.MX_ADC_Init                            0x08001bc4   Section        0  adc.o(i.MX_ADC_Init)
    i.MX_DMA_Init                            0x08001c68   Section        0  dma.o(i.MX_DMA_Init)
    i.MX_GPIO_Init                           0x08001c90   Section        0  gpio.o(i.MX_GPIO_Init)
    i.MX_TIM14_Init                          0x08001ce8   Section        0  tim.o(i.MX_TIM14_Init)
    i.MX_TIM17_Init                          0x08001d20   Section        0  tim.o(i.MX_TIM17_Init)
    i.MX_USART1_UART_Init                    0x08001d58   Section        0  usart.o(i.MX_USART1_UART_Init)
    i.NMI_Handler                            0x08001d94   Section        0  stm32f0xx_it.o(i.NMI_Handler)
    i.PendSV_Handler                         0x08001d96   Section        0  stm32f0xx_it.o(i.PendSV_Handler)
    i.SVC_Handler                            0x08001d98   Section        0  stm32f0xx_it.o(i.SVC_Handler)
    i.SysTick_Handler                        0x08001d9a   Section        0  stm32f0xx_it.o(i.SysTick_Handler)
    i.SystemClock_Config                     0x08001da2   Section        0  main.o(i.SystemClock_Config)
    i.SystemInit                             0x08001e1c   Section        0  system_stm32f0xx.o(i.SystemInit)
    i.TIM14_IRQHandler                       0x08001e20   Section        0  stm32f0xx_it.o(i.TIM14_IRQHandler)
    i.TIM17_IRQHandler                       0x08001e30   Section        0  stm32f0xx_it.o(i.TIM17_IRQHandler)
    i.TIM_Base_SetConfig                     0x08001e40   Section        0  stm32f0xx_hal_tim.o(i.TIM_Base_SetConfig)
    i.UART_AdvFeatureConfig                  0x08001eb8   Section        0  stm32f0xx_hal_uart.o(i.UART_AdvFeatureConfig)
    i.UART_CheckIdleState                    0x08001f84   Section        0  stm32f0xx_hal_uart.o(i.UART_CheckIdleState)
    i.UART_DMAAbortOnError                   0x08001fe8   Section        0  stm32f0xx_hal_uart.o(i.UART_DMAAbortOnError)
    UART_DMAAbortOnError                     0x08001fe9   Thumb Code    20  stm32f0xx_hal_uart.o(i.UART_DMAAbortOnError)
    i.UART_EndRxTransfer                     0x08001ffc   Section        0  stm32f0xx_hal_uart.o(i.UART_EndRxTransfer)
    UART_EndRxTransfer                       0x08001ffd   Thumb Code    94  stm32f0xx_hal_uart.o(i.UART_EndRxTransfer)
    i.UART_SetConfig                         0x0800205c   Section        0  stm32f0xx_hal_uart.o(i.UART_SetConfig)
    i.UART_WaitOnFlagUntilTimeout            0x08002178   Section        0  stm32f0xx_hal_uart.o(i.UART_WaitOnFlagUntilTimeout)
    i.USART1_IRQHandler                      0x0800224c   Section        0  stm32f0xx_it.o(i.USART1_IRQHandler)
    i.__ARM_clz                              0x0800225c   Section        0  depilogue.o(i.__ARM_clz)
    i.__ARM_common_ll_muluu                  0x0800228a   Section        0  stm32f0xx_hal_rcc.o(i.__ARM_common_ll_muluu)
    i.__NVIC_SetPriority                     0x080022bc   Section        0  stm32f0xx_hal_cortex.o(i.__NVIC_SetPriority)
    __NVIC_SetPriority                       0x080022bd   Thumb Code    60  stm32f0xx_hal_cortex.o(i.__NVIC_SetPriority)
    i.__scatterload_copy                     0x08002300   Section       14  handlers.o(i.__scatterload_copy)
    i.__scatterload_null                     0x0800230e   Section        2  handlers.o(i.__scatterload_null)
    i.__scatterload_zeroinit                 0x08002310   Section       14  handlers.o(i.__scatterload_zeroinit)
    i.eMBFuncReadCoils                       0x08002320   Section        0  mbfunccoils.o(i.eMBFuncReadCoils)
    i.eMBFuncReadDiscreteInputs              0x08002394   Section        0  mbfuncdisc.o(i.eMBFuncReadDiscreteInputs)
    i.eMBFuncReadHoldingRegister             0x08002408   Section        0  mbfuncholding.o(i.eMBFuncReadHoldingRegister)
    i.eMBFuncReadInputRegister               0x08002462   Section        0  mbfuncinput.o(i.eMBFuncReadInputRegister)
    i.eMBFuncReadWriteMultipleHoldingRegister 0x080024c0   Section        0  mbfuncholding.o(i.eMBFuncReadWriteMultipleHoldingRegister)
    i.eMBFuncReportSlaveID                   0x0800255c   Section        0  mbfuncother.o(i.eMBFuncReportSlaveID)
    i.eMBFuncWriteCoil                       0x08002580   Section        0  mbfunccoils.o(i.eMBFuncWriteCoil)
    i.eMBFuncWriteHoldingRegister            0x080025d6   Section        0  mbfuncholding.o(i.eMBFuncWriteHoldingRegister)
    i.eMBFuncWriteMultipleCoils              0x08002608   Section        0  mbfunccoils.o(i.eMBFuncWriteMultipleCoils)
    i.eMBFuncWriteMultipleHoldingRegister    0x0800266c   Section        0  mbfuncholding.o(i.eMBFuncWriteMultipleHoldingRegister)
    i.eMBRegCoilsCB                          0x080026bc   Section        0  port.o(i.eMBRegCoilsCB)
    i.eMBRegDiscreteCB                       0x080026c0   Section        0  port.o(i.eMBRegDiscreteCB)
    i.eMBRegHoldingCB                        0x080026c4   Section        0  port.o(i.eMBRegHoldingCB)
    i.eMBRegInputCB                          0x08002728   Section        0  port.o(i.eMBRegInputCB)
    i.main                                   0x0800272c   Section        0  main.o(i.main)
    i.prveMBError2Exception                  0x08002780   Section        0  mbutils.o(i.prveMBError2Exception)
    .constdata                               0x08002798   Section       16  system_stm32f0xx.o(.constdata)
    .constdata                               0x080027a8   Section        8  system_stm32f0xx.o(.constdata)
    .data                                    0x20000000   Section        4  main.o(.data)
    .data                                    0x20000004   Section        4  main.o(.data)
    .data                                    0x20000008   Section        4  main.o(.data)
    .data                                    0x2000000c   Section        4  main.o(.data)
    .data                                    0x20000010   Section        4  main.o(.data)
    .data                                    0x20000014   Section        4  main.o(.data)
    .data                                    0x20000018   Section        4  main.o(.data)
    .data                                    0x2000001c   Section        4  main.o(.data)
    .data                                    0x20000020   Section        4  main.o(.data)
    .data                                    0x20000024   Section       12  stm32f0xx_hal.o(.data)
    .data                                    0x20000030   Section        4  system_stm32f0xx.o(.data)
    .data                                    0x20000034   Section      172  mb.o(.data)
    eMBState                                 0x20000034   Data           1  mb.o(.data)
    ucRcvAddress                             0x20000035   Data           1  mb.o(.data)
    ucFunctionCode                           0x20000036   Data           1  mb.o(.data)
    eException                               0x20000037   Data           1  mb.o(.data)
    ucMBAddress                              0x20000038   Data           1  mb.o(.data)
    eMBCurrentMode                           0x20000039   Data           1  mb.o(.data)
    usLength                                 0x2000003a   Data           2  mb.o(.data)
    ucMBFrame                                0x2000003c   Data           4  mb.o(.data)
    peMBFrameSendCur                         0x20000040   Data           4  mb.o(.data)
    pvMBFrameStartCur                        0x20000044   Data           4  mb.o(.data)
    pvMBFrameStopCur                         0x20000048   Data           4  mb.o(.data)
    peMBFrameReceiveCur                      0x2000004c   Data           4  mb.o(.data)
    pvMBFrameCloseCur                        0x20000050   Data           4  mb.o(.data)
    xFuncHandlers                            0x20000060   Data         128  mb.o(.data)
    .data                                    0x200000e0   Section        2  mbfuncother.o(.data)
    usMBSlaveIDLen                           0x200000e0   Data           2  mbfuncother.o(.data)
    .data                                    0x200000e2   Section        8  port.o(.data)
    .bss                                     0x200000ec   Section       16  main.o(.bss)
    .bss                                     0x200000fc   Section       40  main.o(.bss)
    .bss                                     0x20000124   Section       40  main.o(.bss)
    .bss                                     0x2000014c   Section       40  main.o(.bss)
    .bss                                     0x20000174   Section       40  main.o(.bss)
    .bss                                     0x2000019c   Section      132  adc.o(.bss)
    .bss                                     0x20000220   Section      144  tim.o(.bss)
    .bss                                     0x200002b0   Section      132  usart.o(.bss)
    .bss                                     0x20000334   Section       32  mbfuncother.o(.bss)
    ucMBSlaveID                              0x20000334   Data          32  mbfuncother.o(.bss)
    STACK                                    0x20000358   Section     1024  startup_stm32f030x6.o(STACK)

    Global Symbols

    Symbol Name                              Value     Ov Type        Size  Object(Section)

    BuildAttributes$$THM_ISAv3M$S$PE$A:L22$X:L11$S22$IEEE1$IW$USESV6$~STKCKD$USESV7$~SHL$OTIME$ROPI$EBA8$MICROLIB$REQ8$PRES8$EABIv2 0x00000000   Number         0  anon$$obj.o ABSOLUTE
    __ARM_use_no_argv                        0x00000000   Number         0  main.o ABSOLUTE
    __arm_fini_                               - Undefined Weak Reference
    __cpp_initialize__aeabi_                  - Undefined Weak Reference
    __cxa_finalize                            - Undefined Weak Reference
    __decompress                              - Undefined Weak Reference
    _clock_init                               - Undefined Weak Reference
    _microlib_exit                            - Undefined Weak Reference
    __Vectors_Size                           0x000000b0   Number         0  startup_stm32f030x6.o ABSOLUTE
    __Vectors                                0x08000000   Data           4  startup_stm32f030x6.o(RESET)
    __Vectors_End                            0x080000b0   Data           0  startup_stm32f030x6.o(RESET)
    __main                                   0x080000b1   Thumb Code     0  entry.o(.ARM.Collect$$$$00000000)
    _main_stk                                0x080000b1   Thumb Code     0  entry2.o(.ARM.Collect$$$$00000001)
    _main_scatterload                        0x080000b5   Thumb Code     0  entry5.o(.ARM.Collect$$$$00000004)
    __main_after_scatterload                 0x080000b9   Thumb Code     0  entry5.o(.ARM.Collect$$$$00000004)
    _main_clock                              0x080000b9   Thumb Code     0  entry7b.o(.ARM.Collect$$$$00000008)
    _main_cpp_init                           0x080000b9   Thumb Code     0  entry8b.o(.ARM.Collect$$$$0000000A)
    _main_init                               0x080000b9   Thumb Code     0  entry9a.o(.ARM.Collect$$$$0000000B)
    __rt_lib_shutdown_fini                   0x080000c1   Thumb Code     0  entry12b.o(.ARM.Collect$$$$0000000E)
    __rt_final_cpp                           0x080000c5   Thumb Code     0  entry10a.o(.ARM.Collect$$$$0000000F)
    __rt_final_exit                          0x080000c5   Thumb Code     0  entry11a.o(.ARM.Collect$$$$00000011)
    Reset_Handler                            0x080000c9   Thumb Code     8  startup_stm32f030x6.o(.text)
    DMA1_Channel2_3_IRQHandler               0x080000db   Thumb Code     0  startup_stm32f030x6.o(.text)
    DMA1_Channel4_5_IRQHandler               0x080000db   Thumb Code     0  startup_stm32f030x6.o(.text)
    EXTI0_1_IRQHandler                       0x080000db   Thumb Code     0  startup_stm32f030x6.o(.text)
    EXTI2_3_IRQHandler                       0x080000db   Thumb Code     0  startup_stm32f030x6.o(.text)
    EXTI4_15_IRQHandler                      0x080000db   Thumb Code     0  startup_stm32f030x6.o(.text)
    FLASH_IRQHandler                         0x080000db   Thumb Code     0  startup_stm32f030x6.o(.text)
    I2C1_IRQHandler                          0x080000db   Thumb Code     0  startup_stm32f030x6.o(.text)
    RCC_IRQHandler                           0x080000db   Thumb Code     0  startup_stm32f030x6.o(.text)
    RTC_IRQHandler                           0x080000db   Thumb Code     0  startup_stm32f030x6.o(.text)
    SPI1_IRQHandler                          0x080000db   Thumb Code     0  startup_stm32f030x6.o(.text)
    TIM16_IRQHandler                         0x080000db   Thumb Code     0  startup_stm32f030x6.o(.text)
    TIM1_BRK_UP_TRG_COM_IRQHandler           0x080000db   Thumb Code     0  startup_stm32f030x6.o(.text)
    TIM1_CC_IRQHandler                       0x080000db   Thumb Code     0  startup_stm32f030x6.o(.text)
    TIM3_IRQHandler                          0x080000db   Thumb Code     0  startup_stm32f030x6.o(.text)
    WWDG_IRQHandler                          0x080000db   Thumb Code     0  startup_stm32f030x6.o(.text)
    __aeabi_uidiv                            0x080000e5   Thumb Code     0  uidiv.o(.text)
    __aeabi_uidivmod                         0x080000e5   Thumb Code    44  uidiv.o(.text)
    __aeabi_uldivmod                         0x08000111   Thumb Code    96  uldiv.o(.text)
    __aeabi_llsr                             0x08000171   Thumb Code    34  llushr.o(.text)
    _ll_ushift_r                             0x08000171   Thumb Code     0  llushr.o(.text)
    __aeabi_memcpy                           0x08000193   Thumb Code    36  memcpya.o(.text)
    __aeabi_memcpy4                          0x08000193   Thumb Code     0  memcpya.o(.text)
    __aeabi_memcpy8                          0x08000193   Thumb Code     0  memcpya.o(.text)
    __aeabi_memset                           0x080001b7   Thumb Code    14  memseta.o(.text)
    __aeabi_memset4                          0x080001b7   Thumb Code     0  memseta.o(.text)
    __aeabi_memset8                          0x080001b7   Thumb Code     0  memseta.o(.text)
    __aeabi_memclr                           0x080001c5   Thumb Code     4  memseta.o(.text)
    __aeabi_memclr4                          0x080001c5   Thumb Code     0  memseta.o(.text)
    __aeabi_memclr8                          0x080001c5   Thumb Code     0  memseta.o(.text)
    _memset$wrapper                          0x080001c9   Thumb Code    18  memseta.o(.text)
    __aeabi_dmul                             0x080001dd   Thumb Code   202  dmul.o(.text)
    __ARM_scalbn                             0x080002ad   Thumb Code    44  dscalb.o(.text)
    scalbn                                   0x080002ad   Thumb Code     0  dscalb.o(.text)
    __aeabi_ui2d                             0x080002d9   Thumb Code    24  dfltui.o(.text)
    __aeabi_d2f                              0x080002f5   Thumb Code    56  d2f.o(.text)
    __aeabi_llsl                             0x0800032d   Thumb Code    32  llshl.o(.text)
    _ll_shift_l                              0x0800032d   Thumb Code     0  llshl.o(.text)
    __I$use$fp                               0x0800034d   Thumb Code     0  iusefp.o(.text)
    _float_round                             0x0800034d   Thumb Code    16  fepilogue.o(.text)
    _float_epilogue                          0x0800035d   Thumb Code   114  fepilogue.o(.text)
    _double_round                            0x080003cf   Thumb Code    26  depilogue.o(.text)
    _double_epilogue                         0x080003e9   Thumb Code   164  depilogue.o(.text)
    __scatterload                            0x0800048d   Thumb Code    28  init.o(.text)
    __scatterload_rt2                        0x0800048d   Thumb Code     0  init.o(.text)
    ADC1_IRQHandler                          0x080004b1   Thumb Code    10  stm32f0xx_it.o(i.ADC1_IRQHandler)
    DMA1_Channel1_IRQHandler                 0x080004c1   Thumb Code    10  stm32f0xx_it.o(i.DMA1_Channel1_IRQHandler)
    Error_Handler                            0x080004f5   Thumb Code     4  main.o(i.Error_Handler)
    HAL_ADCEx_Calibration_Start              0x080004f9   Thumb Code   184  stm32f0xx_hal_adc_ex.o(i.HAL_ADCEx_Calibration_Start)
    HAL_ADC_ConfigChannel                    0x080005b1   Thumb Code   254  stm32f0xx_hal_adc.o(i.HAL_ADC_ConfigChannel)
    HAL_ADC_ConvCpltCallback                 0x080006c1   Thumb Code    50  adc.o(i.HAL_ADC_ConvCpltCallback)
    HAL_ADC_ErrorCallback                    0x0800070d   Thumb Code     2  stm32f0xx_hal_adc.o(i.HAL_ADC_ErrorCallback)
    HAL_ADC_IRQHandler                       0x0800070f   Thumb Code   208  stm32f0xx_hal_adc.o(i.HAL_ADC_IRQHandler)
    HAL_ADC_Init                             0x080007e1   Thumb Code   366  stm32f0xx_hal_adc.o(i.HAL_ADC_Init)
    HAL_ADC_LevelOutOfWindowCallback         0x08000959   Thumb Code     2  stm32f0xx_hal_adc.o(i.HAL_ADC_LevelOutOfWindowCallback)
    HAL_ADC_MspInit                          0x0800095d   Thumb Code   162  adc.o(i.HAL_ADC_MspInit)
    HAL_DMA_Abort                            0x08000a15   Thumb Code    64  stm32f0xx_hal_dma.o(i.HAL_DMA_Abort)
    HAL_DMA_Abort_IT                         0x08000a55   Thumb Code    72  stm32f0xx_hal_dma.o(i.HAL_DMA_Abort_IT)
    HAL_DMA_IRQHandler                       0x08000a9d   Thumb Code   156  stm32f0xx_hal_dma.o(i.HAL_DMA_IRQHandler)
    HAL_DMA_Init                             0x08000b39   Thumb Code    78  stm32f0xx_hal_dma.o(i.HAL_DMA_Init)
    HAL_Delay                                0x08000b8d   Thumb Code    32  stm32f0xx_hal.o(i.HAL_Delay)
    HAL_GPIO_Init                            0x08000bb1   Thumb Code   396  stm32f0xx_hal_gpio.o(i.HAL_GPIO_Init)
    HAL_GPIO_TogglePin                       0x08000d55   Thumb Code    16  stm32f0xx_hal_gpio.o(i.HAL_GPIO_TogglePin)
    HAL_GPIO_WritePin                        0x08000d65   Thumb Code    12  stm32f0xx_hal_gpio.o(i.HAL_GPIO_WritePin)
    HAL_GetTick                              0x08000d71   Thumb Code     6  stm32f0xx_hal.o(i.HAL_GetTick)
    HAL_IncTick                              0x08000d7d   Thumb Code    12  stm32f0xx_hal.o(i.HAL_IncTick)
    HAL_Init                                 0x08000d8d   Thumb Code    26  stm32f0xx_hal.o(i.HAL_Init)
    HAL_InitTick                             0x08000dad   Thumb Code    58  stm32f0xx_hal.o(i.HAL_InitTick)
    HAL_MspInit                              0x08000df1   Thumb Code    34  stm32f0xx_hal_msp.o(i.HAL_MspInit)
    HAL_NVIC_EnableIRQ                       0x08000e19   Thumb Code    18  stm32f0xx_hal_cortex.o(i.HAL_NVIC_EnableIRQ)
    HAL_NVIC_SetPriority                     0x08000e31   Thumb Code     8  stm32f0xx_hal_cortex.o(i.HAL_NVIC_SetPriority)
    HAL_RCCEx_PeriphCLKConfig                0x08000e39   Thumb Code   218  stm32f0xx_hal_rcc_ex.o(i.HAL_RCCEx_PeriphCLKConfig)
    HAL_RCC_ClockConfig                      0x08000f21   Thumb Code   242  stm32f0xx_hal_rcc.o(i.HAL_RCC_ClockConfig)
    HAL_RCC_GetPCLK1Freq                     0x08001029   Thumb Code    20  stm32f0xx_hal_rcc.o(i.HAL_RCC_GetPCLK1Freq)
    HAL_RCC_GetSysClockFreq                  0x08001049   Thumb Code    84  stm32f0xx_hal_rcc.o(i.HAL_RCC_GetSysClockFreq)
    HAL_RCC_OscConfig                        0x080010c9   Thumb Code   890  stm32f0xx_hal_rcc.o(i.HAL_RCC_OscConfig)
    HAL_RS485Ex_Init                         0x08001451   Thumb Code   132  stm32f0xx_hal_uart_ex.o(i.HAL_RS485Ex_Init)
    HAL_SYSTICK_Config                       0x080014d9   Thumb Code    38  stm32f0xx_hal_cortex.o(i.HAL_SYSTICK_Config)
    HAL_TIMEx_BreakCallback                  0x08001509   Thumb Code     2  stm32f0xx_hal_tim_ex.o(i.HAL_TIMEx_BreakCallback)
    HAL_TIMEx_CommutCallback                 0x0800150b   Thumb Code     2  stm32f0xx_hal_tim_ex.o(i.HAL_TIMEx_CommutCallback)
    HAL_TIM_Base_Init                        0x0800150d   Thumb Code    72  stm32f0xx_hal_tim.o(i.HAL_TIM_Base_Init)
    HAL_TIM_Base_MspInit                     0x08001555   Thumb Code    80  tim.o(i.HAL_TIM_Base_MspInit)
    HAL_TIM_Base_Start_IT                    0x080015b1   Thumb Code    62  stm32f0xx_hal_tim.o(i.HAL_TIM_Base_Start_IT)
    HAL_TIM_IC_CaptureCallback               0x080015f9   Thumb Code     2  stm32f0xx_hal_tim.o(i.HAL_TIM_IC_CaptureCallback)
    HAL_TIM_IRQHandler                       0x080015fb   Thumb Code   354  stm32f0xx_hal_tim.o(i.HAL_TIM_IRQHandler)
    HAL_TIM_OC_DelayElapsedCallback          0x0800175d   Thumb Code     2  stm32f0xx_hal_tim.o(i.HAL_TIM_OC_DelayElapsedCallback)
    HAL_TIM_PWM_PulseFinishedCallback        0x0800175f   Thumb Code     2  stm32f0xx_hal_tim.o(i.HAL_TIM_PWM_PulseFinishedCallback)
    HAL_TIM_PeriodElapsedCallback            0x08001761   Thumb Code   274  porttimer.o(i.HAL_TIM_PeriodElapsedCallback)
    HAL_TIM_TriggerCallback                  0x080018bd   Thumb Code     2  stm32f0xx_hal_tim.o(i.HAL_TIM_TriggerCallback)
    HAL_UARTEx_RxEventCallback               0x080018bf   Thumb Code     2  stm32f0xx_hal_uart.o(i.HAL_UARTEx_RxEventCallback)
    HAL_UART_ErrorCallback                   0x080018c1   Thumb Code     2  stm32f0xx_hal_uart.o(i.HAL_UART_ErrorCallback)
    HAL_UART_IRQHandler                      0x080018c5   Thumb Code   640  stm32f0xx_hal_uart.o(i.HAL_UART_IRQHandler)
    HAL_UART_MspInit                         0x08001b51   Thumb Code   104  usart.o(i.HAL_UART_MspInit)
    HAL_UART_TxCpltCallback                  0x08001bc1   Thumb Code     2  stm32f0xx_hal_uart.o(i.HAL_UART_TxCpltCallback)
    HardFault_Handler                        0x08001bc3   Thumb Code     2  stm32f0xx_it.o(i.HardFault_Handler)
    MX_ADC_Init                              0x08001bc5   Thumb Code   156  adc.o(i.MX_ADC_Init)
    MX_DMA_Init                              0x08001c69   Thumb Code    36  dma.o(i.MX_DMA_Init)
    MX_GPIO_Init                             0x08001c91   Thumb Code    84  gpio.o(i.MX_GPIO_Init)
    MX_TIM14_Init                            0x08001ce9   Thumb Code    38  tim.o(i.MX_TIM14_Init)
    MX_TIM17_Init                            0x08001d21   Thumb Code    44  tim.o(i.MX_TIM17_Init)
    MX_USART1_UART_Init                      0x08001d59   Thumb Code    52  usart.o(i.MX_USART1_UART_Init)
    NMI_Handler                              0x08001d95   Thumb Code     2  stm32f0xx_it.o(i.NMI_Handler)
    PendSV_Handler                           0x08001d97   Thumb Code     2  stm32f0xx_it.o(i.PendSV_Handler)
    SVC_Handler                              0x08001d99   Thumb Code     2  stm32f0xx_it.o(i.SVC_Handler)
    SysTick_Handler                          0x08001d9b   Thumb Code     8  stm32f0xx_it.o(i.SysTick_Handler)
    SystemClock_Config                       0x08001da3   Thumb Code   122  main.o(i.SystemClock_Config)
    SystemInit                               0x08001e1d   Thumb Code     2  system_stm32f0xx.o(i.SystemInit)
    TIM14_IRQHandler                         0x08001e21   Thumb Code    10  stm32f0xx_it.o(i.TIM14_IRQHandler)
    TIM17_IRQHandler                         0x08001e31   Thumb Code    10  stm32f0xx_it.o(i.TIM17_IRQHandler)
    TIM_Base_SetConfig                       0x08001e41   Thumb Code   100  stm32f0xx_hal_tim.o(i.TIM_Base_SetConfig)
    UART_AdvFeatureConfig                    0x08001eb9   Thumb Code   202  stm32f0xx_hal_uart.o(i.UART_AdvFeatureConfig)
    UART_CheckIdleState                      0x08001f85   Thumb Code    94  stm32f0xx_hal_uart.o(i.UART_CheckIdleState)
    UART_SetConfig                           0x0800205d   Thumb Code   268  stm32f0xx_hal_uart.o(i.UART_SetConfig)
    UART_WaitOnFlagUntilTimeout              0x08002179   Thumb Code   212  stm32f0xx_hal_uart.o(i.UART_WaitOnFlagUntilTimeout)
    USART1_IRQHandler                        0x0800224d   Thumb Code    10  stm32f0xx_it.o(i.USART1_IRQHandler)
    __ARM_clz                                0x0800225d   Thumb Code    46  depilogue.o(i.__ARM_clz)
    __ARM_common_ll_muluu                    0x0800228b   Thumb Code    48  stm32f0xx_hal_rcc.o(i.__ARM_common_ll_muluu)
    __scatterload_copy                       0x08002301   Thumb Code    14  handlers.o(i.__scatterload_copy)
    __scatterload_null                       0x0800230f   Thumb Code     2  handlers.o(i.__scatterload_null)
    __scatterload_zeroinit                   0x08002311   Thumb Code    14  handlers.o(i.__scatterload_zeroinit)
    eMBFuncReadCoils                         0x08002321   Thumb Code   112  mbfunccoils.o(i.eMBFuncReadCoils)
    eMBFuncReadDiscreteInputs                0x08002395   Thumb Code   110  mbfuncdisc.o(i.eMBFuncReadDiscreteInputs)
    eMBFuncReadHoldingRegister               0x08002409   Thumb Code    90  mbfuncholding.o(i.eMBFuncReadHoldingRegister)
    eMBFuncReadInputRegister                 0x08002463   Thumb Code    94  mbfuncinput.o(i.eMBFuncReadInputRegister)
    eMBFuncReadWriteMultipleHoldingRegister  0x080024c1   Thumb Code   156  mbfuncholding.o(i.eMBFuncReadWriteMultipleHoldingRegister)
    eMBFuncReportSlaveID                     0x0800255d   Thumb Code    26  mbfuncother.o(i.eMBFuncReportSlaveID)
    eMBFuncWriteCoil                         0x08002581   Thumb Code    86  mbfunccoils.o(i.eMBFuncWriteCoil)
    eMBFuncWriteHoldingRegister              0x080025d7   Thumb Code    50  mbfuncholding.o(i.eMBFuncWriteHoldingRegister)
    eMBFuncWriteMultipleCoils                0x08002609   Thumb Code    96  mbfunccoils.o(i.eMBFuncWriteMultipleCoils)
    eMBFuncWriteMultipleHoldingRegister      0x0800266d   Thumb Code    80  mbfuncholding.o(i.eMBFuncWriteMultipleHoldingRegister)
    eMBRegCoilsCB                            0x080026bd   Thumb Code     4  port.o(i.eMBRegCoilsCB)
    eMBRegDiscreteCB                         0x080026c1   Thumb Code     4  port.o(i.eMBRegDiscreteCB)
    eMBRegHoldingCB                          0x080026c5   Thumb Code    94  port.o(i.eMBRegHoldingCB)
    eMBRegInputCB                            0x08002729   Thumb Code     4  port.o(i.eMBRegInputCB)
    main                                     0x0800272d   Thumb Code    76  main.o(i.main)
    prveMBError2Exception                    0x08002781   Thumb Code    24  mbutils.o(i.prveMBError2Exception)
    AHBPrescTable                            0x08002798   Data          16  system_stm32f0xx.o(.constdata)
    APBPrescTable                            0x080027a8   Data           8  system_stm32f0xx.o(.constdata)
    Region$$Table$$Base                      0x080027b0   Number         0  anon$$obj.o(Region$$Table)
    Region$$Table$$Limit                     0x080027d0   Number         0  anon$$obj.o(Region$$Table)
    COUNTER                                  0x20000000   Data           4  main.o(.data)
    ADC_0                                    0x20000004   Data           4  main.o(.data)
    ADC_1                                    0x20000008   Data           4  main.o(.data)
    ADC_2                                    0x2000000c   Data           4  main.o(.data)
    ADC_3                                    0x20000010   Data           4  main.o(.data)
    ADC_0_REAL                               0x20000014   Data           4  main.o(.data)
    ADC_1_REAL                               0x20000018   Data           4  main.o(.data)
    ADC_2_REAL                               0x2000001c   Data           4  main.o(.data)
    ADC_3_REAL                               0x20000020   Data           4  main.o(.data)
    uwTickFreq                               0x20000024   Data           1  stm32f0xx_hal.o(.data)
    uwTickPrio                               0x20000028   Data           4  stm32f0xx_hal.o(.data)
    uwTick                                   0x2000002c   Data           4  stm32f0xx_hal.o(.data)
    SystemCoreClock                          0x20000030   Data           4  system_stm32f0xx.o(.data)
    pxMBFrameCBByteReceived                  0x20000054   Data           4  mb.o(.data)
    pxMBFrameCBTransmitterEmpty              0x20000058   Data           4  mb.o(.data)
    pxMBPortCBTimerExpired                   0x2000005c   Data           4  mb.o(.data)
    usRegHoldingBuf                          0x200000e2   Data           8  port.o(.data)
    aADCxConvertedValues                     0x200000ec   Data          16  main.o(.bss)
    ADC0Buffer                               0x200000fc   Data          40  main.o(.bss)
    ADC1Buffer                               0x20000124   Data          40  main.o(.bss)
    ADC2Buffer                               0x2000014c   Data          40  main.o(.bss)
    ADC3Buffer                               0x20000174   Data          40  main.o(.bss)
    hadc                                     0x2000019c   Data          64  adc.o(.bss)
    hdma_adc                                 0x200001dc   Data          68  adc.o(.bss)
    htim14                                   0x20000220   Data          72  tim.o(.bss)
    htim17                                   0x20000268   Data          72  tim.o(.bss)
    huart1                                   0x200002b0   Data         132  usart.o(.bss)
    __initial_sp                             0x20000758   Data           0  startup_stm32f030x6.o(STACK)



==============================================================================

Memory Map of the image

  Image Entry point : 0x080000b1

  Load Region LR_IROM1 (Base: 0x08000000, Size: 0x000028bc, Max: 0x00004000, ABSOLUTE)

    Execution Region ER_IROM1 (Exec base: 0x08000000, Load base: 0x08000000, Size: 0x000027d0, Max: 0x00004000, ABSOLUTE)

    Exec Addr    Load Addr    Size         Type   Attr      Idx    E Section Name        Object

    0x08000000   0x08000000   0x000000b0   Data   RO            3    RESET               startup_stm32f030x6.o
    0x080000b0   0x080000b0   0x00000000   Code   RO         4090  * .ARM.Collect$$$$00000000  mc_p.l(entry.o)
    0x080000b0   0x080000b0   0x00000004   Code   RO         4119    .ARM.Collect$$$$00000001  mc_p.l(entry2.o)
    0x080000b4   0x080000b4   0x00000004   Code   RO         4122    .ARM.Collect$$$$00000004  mc_p.l(entry5.o)
    0x080000b8   0x080000b8   0x00000000   Code   RO         4124    .ARM.Collect$$$$00000008  mc_p.l(entry7b.o)
    0x080000b8   0x080000b8   0x00000000   Code   RO         4126    .ARM.Collect$$$$0000000A  mc_p.l(entry8b.o)
    0x080000b8   0x080000b8   0x00000008   Code   RO         4127    .ARM.Collect$$$$0000000B  mc_p.l(entry9a.o)
    0x080000c0   0x080000c0   0x00000004   Code   RO         4134    .ARM.Collect$$$$0000000E  mc_p.l(entry12b.o)
    0x080000c4   0x080000c4   0x00000000   Code   RO         4129    .ARM.Collect$$$$0000000F  mc_p.l(entry10a.o)
    0x080000c4   0x080000c4   0x00000000   Code   RO         4131    .ARM.Collect$$$$00000011  mc_p.l(entry11a.o)
    0x080000c4   0x080000c4   0x00000004   Code   RO         4120    .ARM.Collect$$$$00002712  mc_p.l(entry2.o)
    0x080000c8   0x080000c8   0x0000001c   Code   RO            4    .text               startup_stm32f030x6.o
    0x080000e4   0x080000e4   0x0000002c   Code   RO         4093    .text               mc_p.l(uidiv.o)
    0x08000110   0x08000110   0x00000060   Code   RO         4095    .text               mc_p.l(uldiv.o)
    0x08000170   0x08000170   0x00000022   Code   RO         4097    .text               mc_p.l(llushr.o)
    0x08000192   0x08000192   0x00000024   Code   RO         4101    .text               mc_p.l(memcpya.o)
    0x080001b6   0x080001b6   0x00000024   Code   RO         4103    .text               mc_p.l(memseta.o)
    0x080001da   0x080001da   0x00000002   PAD
    0x080001dc   0x080001dc   0x000000d0   Code   RO         4109    .text               mf_p.l(dmul.o)
    0x080002ac   0x080002ac   0x0000002c   Code   RO         4111    .text               mf_p.l(dscalb.o)
    0x080002d8   0x080002d8   0x0000001c   Code   RO         4115    .text               mf_p.l(dfltui.o)
    0x080002f4   0x080002f4   0x00000038   Code   RO         4117    .text               mf_p.l(d2f.o)
    0x0800032c   0x0800032c   0x00000020   Code   RO         4135    .text               mc_p.l(llshl.o)
    0x0800034c   0x0800034c   0x00000000   Code   RO         4137    .text               mc_p.l(iusefp.o)
    0x0800034c   0x0800034c   0x00000082   Code   RO         4138    .text               mf_p.l(fepilogue.o)
    0x080003ce   0x080003ce   0x000000be   Code   RO         4140    .text               mf_p.l(depilogue.o)
    0x0800048c   0x0800048c   0x00000024   Code   RO         4144    .text               mc_p.l(init.o)
    0x080004b0   0x080004b0   0x00000010   Code   RO          352    i.ADC1_IRQHandler   stm32f0xx_it.o
    0x080004c0   0x080004c0   0x00000010   Code   RO          353    i.DMA1_Channel1_IRQHandler  stm32f0xx_it.o
    0x080004d0   0x080004d0   0x00000024   Code   RO         1488    i.DMA_CalcBaseAndBitshift  stm32f0xx_hal_dma.o
    0x080004f4   0x080004f4   0x00000004   Code   RO           12    i.Error_Handler     main.o
    0x080004f8   0x080004f8   0x000000b8   Code   RO          626    i.HAL_ADCEx_Calibration_Start  stm32f0xx_hal_adc_ex.o
    0x080005b0   0x080005b0   0x00000110   Code   RO          457    i.HAL_ADC_ConfigChannel  stm32f0xx_hal_adc.o
    0x080006c0   0x080006c0   0x0000004c   Code   RO          205    i.HAL_ADC_ConvCpltCallback  adc.o
    0x0800070c   0x0800070c   0x00000002   Code   RO          461    i.HAL_ADC_ErrorCallback  stm32f0xx_hal_adc.o
    0x0800070e   0x0800070e   0x000000d0   Code   RO          465    i.HAL_ADC_IRQHandler  stm32f0xx_hal_adc.o
    0x080007de   0x080007de   0x00000002   PAD
    0x080007e0   0x080007e0   0x00000178   Code   RO          466    i.HAL_ADC_Init      stm32f0xx_hal_adc.o
    0x08000958   0x08000958   0x00000002   Code   RO          467    i.HAL_ADC_LevelOutOfWindowCallback  stm32f0xx_hal_adc.o
    0x0800095a   0x0800095a   0x00000002   PAD
    0x0800095c   0x0800095c   0x000000b8   Code   RO          207    i.HAL_ADC_MspInit   adc.o
    0x08000a14   0x08000a14   0x00000040   Code   RO         1490    i.HAL_DMA_Abort     stm32f0xx_hal_dma.o
    0x08000a54   0x08000a54   0x00000048   Code   RO         1491    i.HAL_DMA_Abort_IT  stm32f0xx_hal_dma.o
    0x08000a9c   0x08000a9c   0x0000009c   Code   RO         1495    i.HAL_DMA_IRQHandler  stm32f0xx_hal_dma.o
    0x08000b38   0x08000b38   0x00000054   Code   RO         1496    i.HAL_DMA_Init      stm32f0xx_hal_dma.o
    0x08000b8c   0x08000b8c   0x00000024   Code   RO          777    i.HAL_Delay         stm32f0xx_hal.o
    0x08000bb0   0x08000bb0   0x000001a4   Code   RO         1429    i.HAL_GPIO_Init     stm32f0xx_hal_gpio.o
    0x08000d54   0x08000d54   0x00000010   Code   RO         1432    i.HAL_GPIO_TogglePin  stm32f0xx_hal_gpio.o
    0x08000d64   0x08000d64   0x0000000c   Code   RO         1433    i.HAL_GPIO_WritePin  stm32f0xx_hal_gpio.o
    0x08000d70   0x08000d70   0x0000000c   Code   RO          781    i.HAL_GetTick       stm32f0xx_hal.o
    0x08000d7c   0x08000d7c   0x00000010   Code   RO          787    i.HAL_IncTick       stm32f0xx_hal.o
    0x08000d8c   0x08000d8c   0x00000020   Code   RO          788    i.HAL_Init          stm32f0xx_hal.o
    0x08000dac   0x08000dac   0x00000044   Code   RO          789    i.HAL_InitTick      stm32f0xx_hal.o
    0x08000df0   0x08000df0   0x00000028   Code   RO          430    i.HAL_MspInit       stm32f0xx_hal_msp.o
    0x08000e18   0x08000e18   0x00000018   Code   RO         1588    i.HAL_NVIC_EnableIRQ  stm32f0xx_hal_cortex.o
    0x08000e30   0x08000e30   0x00000008   Code   RO         1592    i.HAL_NVIC_SetPriority  stm32f0xx_hal_cortex.o
    0x08000e38   0x08000e38   0x000000e8   Code   RO          742    i.HAL_RCCEx_PeriphCLKConfig  stm32f0xx_hal_rcc_ex.o
    0x08000f20   0x08000f20   0x00000108   Code   RO          647    i.HAL_RCC_ClockConfig  stm32f0xx_hal_rcc.o
    0x08001028   0x08001028   0x00000020   Code   RO          654    i.HAL_RCC_GetPCLK1Freq  stm32f0xx_hal_rcc.o
    0x08001048   0x08001048   0x00000080   Code   RO          655    i.HAL_RCC_GetSysClockFreq  stm32f0xx_hal_rcc.o
    0x080010c8   0x080010c8   0x00000388   Code   RO          658    i.HAL_RCC_OscConfig  stm32f0xx_hal_rcc.o
    0x08001450   0x08001450   0x00000088   Code   RO         3363    i.HAL_RS485Ex_Init  stm32f0xx_hal_uart_ex.o
    0x080014d8   0x080014d8   0x00000030   Code   RO         1596    i.HAL_SYSTICK_Config  stm32f0xx_hal_cortex.o
    0x08001508   0x08001508   0x00000002   Code   RO         2720    i.HAL_TIMEx_BreakCallback  stm32f0xx_hal_tim_ex.o
    0x0800150a   0x0800150a   0x00000002   Code   RO         2721    i.HAL_TIMEx_CommutCallback  stm32f0xx_hal_tim_ex.o
    0x0800150c   0x0800150c   0x00000048   Code   RO         2020    i.HAL_TIM_Base_Init  stm32f0xx_hal_tim.o
    0x08001554   0x08001554   0x0000005c   Code   RO          271    i.HAL_TIM_Base_MspInit  tim.o
    0x080015b0   0x080015b0   0x00000048   Code   RO         2025    i.HAL_TIM_Base_Start_IT  stm32f0xx_hal_tim.o
    0x080015f8   0x080015f8   0x00000002   Code   RO         2054    i.HAL_TIM_IC_CaptureCallback  stm32f0xx_hal_tim.o
    0x080015fa   0x080015fa   0x00000162   Code   RO         2068    i.HAL_TIM_IRQHandler  stm32f0xx_hal_tim.o
    0x0800175c   0x0800175c   0x00000002   Code   RO         2071    i.HAL_TIM_OC_DelayElapsedCallback  stm32f0xx_hal_tim.o
    0x0800175e   0x0800175e   0x00000002   Code   RO         2098    i.HAL_TIM_PWM_PulseFinishedCallback  stm32f0xx_hal_tim.o
    0x08001760   0x08001760   0x0000015c   Code   RO         3934    i.HAL_TIM_PeriodElapsedCallback  porttimer.o
    0x080018bc   0x080018bc   0x00000002   Code   RO         2111    i.HAL_TIM_TriggerCallback  stm32f0xx_hal_tim.o
    0x080018be   0x080018be   0x00000002   Code   RO         2990    i.HAL_UARTEx_RxEventCallback  stm32f0xx_hal_uart.o
    0x080018c0   0x080018c0   0x00000002   Code   RO         3006    i.HAL_UART_ErrorCallback  stm32f0xx_hal_uart.o
    0x080018c2   0x080018c2   0x00000002   PAD
    0x080018c4   0x080018c4   0x0000028c   Code   RO         3009    i.HAL_UART_IRQHandler  stm32f0xx_hal_uart.o
    0x08001b50   0x08001b50   0x00000070   Code   RO          315    i.HAL_UART_MspInit  usart.o
    0x08001bc0   0x08001bc0   0x00000002   Code   RO         3022    i.HAL_UART_TxCpltCallback  stm32f0xx_hal_uart.o
    0x08001bc2   0x08001bc2   0x00000002   Code   RO          354    i.HardFault_Handler  stm32f0xx_it.o
    0x08001bc4   0x08001bc4   0x000000a4   Code   RO          208    i.MX_ADC_Init       adc.o
    0x08001c68   0x08001c68   0x00000028   Code   RO          250    i.MX_DMA_Init       dma.o
    0x08001c90   0x08001c90   0x00000058   Code   RO          185    i.MX_GPIO_Init      gpio.o
    0x08001ce8   0x08001ce8   0x00000038   Code   RO          272    i.MX_TIM14_Init     tim.o
    0x08001d20   0x08001d20   0x00000038   Code   RO          273    i.MX_TIM17_Init     tim.o
    0x08001d58   0x08001d58   0x0000003c   Code   RO          316    i.MX_USART1_UART_Init  usart.o
    0x08001d94   0x08001d94   0x00000002   Code   RO          355    i.NMI_Handler       stm32f0xx_it.o
    0x08001d96   0x08001d96   0x00000002   Code   RO          356    i.PendSV_Handler    stm32f0xx_it.o
    0x08001d98   0x08001d98   0x00000002   Code   RO          357    i.SVC_Handler       stm32f0xx_it.o
    0x08001d9a   0x08001d9a   0x00000008   Code   RO          358    i.SysTick_Handler   stm32f0xx_it.o
    0x08001da2   0x08001da2   0x0000007a   Code   RO           13    i.SystemClock_Config  main.o
    0x08001e1c   0x08001e1c   0x00000002   Code   RO         3407    i.SystemInit        system_stm32f0xx.o
    0x08001e1e   0x08001e1e   0x00000002   PAD
    0x08001e20   0x08001e20   0x00000010   Code   RO          359    i.TIM14_IRQHandler  stm32f0xx_it.o
    0x08001e30   0x08001e30   0x00000010   Code   RO          360    i.TIM17_IRQHandler  stm32f0xx_it.o
    0x08001e40   0x08001e40   0x00000078   Code   RO         2113    i.TIM_Base_SetConfig  stm32f0xx_hal_tim.o
    0x08001eb8   0x08001eb8   0x000000ca   Code   RO         3024    i.UART_AdvFeatureConfig  stm32f0xx_hal_uart.o
    0x08001f82   0x08001f82   0x00000002   PAD
    0x08001f84   0x08001f84   0x00000064   Code   RO         3025    i.UART_CheckIdleState  stm32f0xx_hal_uart.o
    0x08001fe8   0x08001fe8   0x00000014   Code   RO         3026    i.UART_DMAAbortOnError  stm32f0xx_hal_uart.o
    0x08001ffc   0x08001ffc   0x0000005e   Code   RO         3036    i.UART_EndRxTransfer  stm32f0xx_hal_uart.o
    0x0800205a   0x0800205a   0x00000002   PAD
    0x0800205c   0x0800205c   0x0000011c   Code   RO         3040    i.UART_SetConfig    stm32f0xx_hal_uart.o
    0x08002178   0x08002178   0x000000d4   Code   RO         3045    i.UART_WaitOnFlagUntilTimeout  stm32f0xx_hal_uart.o
    0x0800224c   0x0800224c   0x00000010   Code   RO          361    i.USART1_IRQHandler  stm32f0xx_it.o
    0x0800225c   0x0800225c   0x0000002e   Code   RO         4142    i.__ARM_clz         mf_p.l(depilogue.o)
    0x0800228a   0x0800228a   0x00000030   Code   RO          732    i.__ARM_common_ll_muluu  stm32f0xx_hal_rcc.o
    0x080022ba   0x080022ba   0x00000002   PAD
    0x080022bc   0x080022bc   0x00000044   Code   RO         1598    i.__NVIC_SetPriority  stm32f0xx_hal_cortex.o
    0x08002300   0x08002300   0x0000000e   Code   RO         4148    i.__scatterload_copy  mc_p.l(handlers.o)
    0x0800230e   0x0800230e   0x00000002   Code   RO         4149    i.__scatterload_null  mc_p.l(handlers.o)
    0x08002310   0x08002310   0x0000000e   Code   RO         4150    i.__scatterload_zeroinit  mc_p.l(handlers.o)
    0x0800231e   0x0800231e   0x00000002   PAD
    0x08002320   0x08002320   0x00000074   Code   RO         3615    i.eMBFuncReadCoils  mbfunccoils.o
    0x08002394   0x08002394   0x00000074   Code   RO         3642    i.eMBFuncReadDiscreteInputs  mbfuncdisc.o
    0x08002408   0x08002408   0x0000005a   Code   RO         3654    i.eMBFuncReadHoldingRegister  mbfuncholding.o
    0x08002462   0x08002462   0x0000005e   Code   RO         3684    i.eMBFuncReadInputRegister  mbfuncinput.o
    0x080024c0   0x080024c0   0x0000009c   Code   RO         3655    i.eMBFuncReadWriteMultipleHoldingRegister  mbfuncholding.o
    0x0800255c   0x0800255c   0x00000024   Code   RO         3696    i.eMBFuncReportSlaveID  mbfuncother.o
    0x08002580   0x08002580   0x00000056   Code   RO         3616    i.eMBFuncWriteCoil  mbfunccoils.o
    0x080025d6   0x080025d6   0x00000032   Code   RO         3656    i.eMBFuncWriteHoldingRegister  mbfuncholding.o
    0x08002608   0x08002608   0x00000064   Code   RO         3617    i.eMBFuncWriteMultipleCoils  mbfunccoils.o
    0x0800266c   0x0800266c   0x00000050   Code   RO         3657    i.eMBFuncWriteMultipleHoldingRegister  mbfuncholding.o
    0x080026bc   0x080026bc   0x00000004   Code   RO         3821    i.eMBRegCoilsCB     port.o
    0x080026c0   0x080026c0   0x00000004   Code   RO         3822    i.eMBRegDiscreteCB  port.o
    0x080026c4   0x080026c4   0x00000064   Code   RO         3823    i.eMBRegHoldingCB   port.o
    0x08002728   0x08002728   0x00000004   Code   RO         3824    i.eMBRegInputCB     port.o
    0x0800272c   0x0800272c   0x00000054   Code   RO           14    i.main              main.o
    0x08002780   0x08002780   0x00000018   Code   RO         3797    i.prveMBError2Exception  mbutils.o
    0x08002798   0x08002798   0x00000010   Data   RO         3408    .constdata          system_stm32f0xx.o
    0x080027a8   0x080027a8   0x00000008   Data   RO         3409    .constdata          system_stm32f0xx.o
    0x080027b0   0x080027b0   0x00000020   Data   RO         4146    Region$$Table       anon$$obj.o


    Execution Region RW_IRAM1 (Exec base: 0x20000000, Load base: 0x080027d0, Size: 0x00000758, Max: 0x00001000, ABSOLUTE)

    Exec Addr    Load Addr    Size         Type   Attr      Idx    E Section Name        Object

    0x20000000   0x080027d0   0x00000004   Data   RW           20    .data               main.o
    0x20000004   0x080027d4   0x00000004   Data   RW           21    .data               main.o
    0x20000008   0x080027d8   0x00000004   Data   RW           22    .data               main.o
    0x2000000c   0x080027dc   0x00000004   Data   RW           23    .data               main.o
    0x20000010   0x080027e0   0x00000004   Data   RW           24    .data               main.o
    0x20000014   0x080027e4   0x00000004   Data   RW           26    .data               main.o
    0x20000018   0x080027e8   0x00000004   Data   RW           27    .data               main.o
    0x2000001c   0x080027ec   0x00000004   Data   RW           28    .data               main.o
    0x20000020   0x080027f0   0x00000004   Data   RW           29    .data               main.o
    0x20000024   0x080027f4   0x0000000c   Data   RW          795    .data               stm32f0xx_hal.o
    0x20000030   0x08002800   0x00000004   Data   RW         3410    .data               system_stm32f0xx.o
    0x20000034   0x08002804   0x000000ac   Data   RW         3444    .data               mb.o
    0x200000e0   0x080028b0   0x00000002   Data   RW         3699    .data               mbfuncother.o
    0x200000e2   0x080028b2   0x00000008   Data   RW         3825    .data               port.o
    0x200000ea   0x080028ba   0x00000002   PAD
    0x200000ec        -       0x00000010   Zero   RW           15    .bss                main.o
    0x200000fc        -       0x00000028   Zero   RW           16    .bss                main.o
    0x20000124        -       0x00000028   Zero   RW           17    .bss                main.o
    0x2000014c        -       0x00000028   Zero   RW           18    .bss                main.o
    0x20000174        -       0x00000028   Zero   RW           19    .bss                main.o
    0x2000019c        -       0x00000084   Zero   RW          209    .bss                adc.o
    0x20000220        -       0x00000090   Zero   RW          274    .bss                tim.o
    0x200002b0        -       0x00000084   Zero   RW          317    .bss                usart.o
    0x20000334        -       0x00000020   Zero   RW         3698    .bss                mbfuncother.o
    0x20000354   0x080028ba   0x00000004   PAD
    0x20000358        -       0x00000400   Zero   RW            1    STACK               startup_stm32f030x6.o


==============================================================================

Image component sizes


      Code (inc. data)   RO Data    RW Data    ZI Data      Debug   Object Name

       424         56          0          0        132       2614   adc.o
        40          4          0          0          0        738   dma.o
        88          4          0          0          0        863   gpio.o
       210          8          0         36        176     279613   main.o
         0          0          0        172          0       5826   mb.o
       302          8          0          0          0       3734   mbfunccoils.o
       116          6          0          0          0       1552   mbfuncdisc.o
       376          0          0          0          0       5151   mbfuncholding.o
        94          0          0          0          0       1547   mbfuncinput.o
        36         10          0          2         32       1379   mbfuncother.o
        24          0          0          0          0        624   mbutils.o
       112          6          0          8          0       3083   port.o
       348         74          0          0          0       1622   porttimer.o
        28          8        176          0       1024        628   startup_stm32f030x6.o
       164         30          0         12          0       7821   stm32f0xx_hal.o
       860         28          0          0          0       4415   stm32f0xx_hal_adc.o
       184          0          0          0          0       1390   stm32f0xx_hal_adc_ex.o
       148         24          0          0          0      10317   stm32f0xx_hal_cortex.o
       412         16          0          0          0       3807   stm32f0xx_hal_dma.o
       448         24          0          0          0       2717   stm32f0xx_hal_gpio.o
        40          6          0          0          0        826   stm32f0xx_hal_msp.o
      1376         92          0          0          0       4641   stm32f0xx_hal_rcc.o
       232         14          0          0          0       1360   stm32f0xx_hal_rcc_ex.o
       626         30          0          0          0       6293   stm32f0xx_hal_tim.o
         4          0          0          0          0       1537   stm32f0xx_hal_tim_ex.o
      1570         34          0          0          0      13691   stm32f0xx_hal_uart.o
       136          4          0          0          0       1283   stm32f0xx_hal_uart_ex.o
        96         30          0          0          0       4422   stm32f0xx_it.o
         2          0         24          4          0       1111   system_stm32f0xx.o
       204         42          0          0        144       2051   tim.o
       172         16          0          0        132       1658   usart.o

    ----------------------------------------------------------------------
      8886        574        232        236       1644     378314   Object Totals
         0          0         32          0          0          0   (incl. Generated)
        14          0          0          2          4          0   (incl. Padding)

    ----------------------------------------------------------------------

      Code (inc. data)   RO Data    RW Data    ZI Data      Debug   Library Member Name

         0          0          0          0          0          0   entry.o
         0          0          0          0          0          0   entry10a.o
         0          0          0          0          0          0   entry11a.o
         4          0          0          0          0          0   entry12b.o
         8          4          0          0          0          0   entry2.o
         4          0          0          0          0          0   entry5.o
         0          0          0          0          0          0   entry7b.o
         0          0          0          0          0          0   entry8b.o
         8          4          0          0          0          0   entry9a.o
        30          0          0          0          0          0   handlers.o
        36          8          0          0          0         68   init.o
         0          0          0          0          0          0   iusefp.o
        32          0          0          0          0         68   llshl.o
        34          0          0          0          0         68   llushr.o
        36          0          0          0          0         60   memcpya.o
        36          0          0          0          0        100   memseta.o
        44          0          0          0          0         72   uidiv.o
        96          0          0          0          0         84   uldiv.o
        56          0          0          0          0         68   d2f.o
       236          0          0          0          0        216   depilogue.o
        28          4          0          0          0         68   dfltui.o
       208          6          0          0          0         88   dmul.o
        44          0          0          0          0         72   dscalb.o
       130          0          0          0          0        144   fepilogue.o

    ----------------------------------------------------------------------
      1074         26          0          0          0       1176   Library Totals
         4          0          0          0          0          0   (incl. Padding)

    ----------------------------------------------------------------------

      Code (inc. data)   RO Data    RW Data    ZI Data      Debug   Library Name

       368         16          0          0          0        520   mc_p.l
       702         10          0          0          0        656   mf_p.l

    ----------------------------------------------------------------------
      1074         26          0          0          0       1176   Library Totals

    ----------------------------------------------------------------------

==============================================================================


      Code (inc. data)   RO Data    RW Data    ZI Data      Debug   

      9960        600        232        236       1644     375242   Grand Totals
      9960        600        232        236       1644     375242   ELF Image Totals
      9960        600        232        236          0          0   ROM Totals

==============================================================================

    Total RO  Size (Code + RO Data)                10192 (   9.95kB)
    Total RW  Size (RW Data + ZI Data)              1880 (   1.84kB)
    Total ROM Size (Code + RO Data + RW Data)      10428 (  10.18kB)

==============================================================================

