<html>
<body>
<pre>
<h1>µVision Build Log</h1>
<h2>Tool Versions:</h2>
IDE-Version: ¦ÌVision V5.35.0.0
Copyright (C) 2021 ARM Ltd and ARM Germany GmbH. All rights reserved.
License Information: Qian Zhang, WUST, LIC=D0D7S-LYP91-QDRKD-862LX-3MT3C-GC9J3
 
Tool Versions:
Toolchain:       MDK-ARM Plus  Version: 5.35.0.2
Toolchain Path:  C:\Software\Keil\ARM\ARMCC\Bin
C Compiler:      Armcc.exe V5.06 update 7 (build 960)
Assembler:       Armasm.exe V5.06 update 7 (build 960)
Linker/Locator:  ArmLink.exe V5.06 update 7 (build 960)
Library Manager: ArmAr.exe V5.06 update 7 (build 960)
Hex Converter:   FromElf.exe V5.06 update 7 (build 960)
CPU DLL:         SARMCM3.DLL V5.35.0.2
Dialog DLL:      DARMCM1.DLL V1.19.4.0
Target DLL:      STLink\ST-LINKIII-KEIL_SWO.dll V3.0.9.0
Dialog DLL:      TARMCM1.DLL V1.14.4.0
 
<h2>Project:</h2>
C:\Electrode-Front-End\2.Firmware\Electrode-Front-End\MDK-ARM\Electrode-Front-End.uvprojx
Project File Date:  10/20/2021

<h2>Output:</h2>
*** Using Compiler 'V5.06 update 7 (build 960)', folder: 'C:\Software\Keil\ARM\ARMCC\Bin'
Rebuild target 'Electrode-Front-End'
assembling startup_stm32f030x6.s...
compiling gpio.c...
compiling usart.c...
compiling dma.c...
compiling stm32f0xx_it.c...
compiling tim.c...
compiling main.c...
compiling adc.c...
compiling stm32f0xx_hal.c...
compiling stm32f0xx_hal_msp.c...
compiling stm32f0xx_hal_rcc_ex.c...
compiling stm32f0xx_hal_adc_ex.c...
compiling stm32f0xx_hal_rcc.c...
compiling stm32f0xx_hal_adc.c...
compiling stm32f0xx_hal_i2c.c...
compiling stm32f0xx_hal_pwr.c...
compiling stm32f0xx_hal_pwr_ex.c...
compiling stm32f0xx_hal_gpio.c...
compiling stm32f0xx_hal_i2c_ex.c...
compiling stm32f0xx_hal_cortex.c...
compiling stm32f0xx_hal_dma.c...
compiling stm32f0xx_hal_flash.c...
compiling system_stm32f0xx.c...
compiling stm32f0xx_hal_uart_ex.c...
compiling stm32f0xx_hal_exti.c...
compiling stm32f0xx_hal_flash_ex.c...
compiling mbcrc.c...
compiling mb.c...
compiling mbascii.c...
compiling mbfunccoils.c...
compiling stm32f0xx_hal_tim_ex.c...
compiling mbfuncdiag.c...
compiling mbfuncdisc.c...
compiling stm32f0xx_hal_uart.c...
compiling mbfuncholding.c...
compiling mbfuncinput.c...
compiling mbfuncother.c...
compiling mbtcp.c...
compiling mbutils.c...
compiling port.c...
compiling portevent.c...
compiling stm32f0xx_hal_tim.c...
compiling mbrtu.c...
compiling porttimer.c...
compiling system.c...
compiling portserial.c...
compiling ds18b20.c...
linking...
Program Size: Code=9960 RO-data=232 RW-data=236 ZI-data=1644  
FromELF: creating hex file...
"Electrode-Front-End\Electrode-Front-End.axf" - 0 Error(s), 0 Warning(s).

<h2>Software Packages used:</h2>

Package Vendor: ARM
                http://www.keil.com/pack/ARM.CMSIS.5.8.0.pack
                ARM.CMSIS.5.8.0
                CMSIS (Common Microcontroller Software Interface Standard)
   * Component: CORE Version: 5.5.0

Package Vendor: Keil
                http://www.keil.com/pack/Keil.STM32F0xx_DFP.2.1.0.pack
                Keil.STM32F0xx_DFP.2.1.0
                STMicroelectronics STM32F0 Series Device Support, Drivers and Examples

<h2>Collection of Component include folders:</h2>
  .\RTE\_Electrode-Front-End
  C:\Software\Keil\Pack\ARM\CMSIS\5.8.0\CMSIS\Core\Include
  C:\Software\Keil\Pack\Keil\STM32F0xx_DFP\2.1.0\Drivers\CMSIS\Device\ST\STM32F0xx\Include

<h2>Collection of Component Files used:</h2>

   * Component: ARM::CMSIS:CORE:5.5.0
      Include file:  CMSIS\Core\Include\tz_context.h
Build Time Elapsed:  00:00:08
</pre>
</body>
</html>
